=== 02_data_deepdive start ===
附件1 英文行数=1  附件2 英文行数=1
清洗后附件1 shape=(11167, 25)  附件2 shape=(2792, 25)

数值转换后 NaN 统计（附件1）：
Series([], )
数值转换后 NaN 统计（附件2）：
实际赔付金额    2792

--- 索赔差额 = 实际赔付金额 - 索赔金额 （附件1）---
分位数：
0.000   -4463.58000
0.001   -3999.93818
0.010   -2970.64020
0.050   -1827.12100
0.250    -687.21000
0.500    -282.94000
0.750    -107.54500
0.850     -75.21800
0.900     -55.32400
0.950     -30.59700
0.970     -19.25960
0.980     -13.32000
0.990      -6.89640
0.999      -0.58486
1.000      -0.08000
差额>0 的样本数 = 0 (0.00%)
差额=0 的样本数 = 0
实际赔付>索赔 样本数 = 0
实际赔付<=0 样本数 = 0，索赔<=0 样本数 = 0
实际赔付金额分位数：
0.00       0.7400
0.05      21.7650
0.25      88.8300
0.50     200.1500
0.75     408.7800
0.90     676.2900
0.95     863.0670
0.99    1238.0156
1.00    3171.4700
索赔金额分位数：
0.00     100.0000
0.05     108.5330
0.25     240.3800
0.50     546.2600
0.75    1061.2600
0.90    1871.5400
0.95    2463.2980
0.99    3832.2888
1.00    5498.7700
赔付/索赔 比值分位数：
0.00    0.007397
0.05    0.085198
0.25    0.227662
0.50    0.374543
0.75    0.575315
0.95    0.871756
0.99    0.971422
1.00    0.999920

--- 按实际赔付金额十分位分箱，组内索赔差额分布 ---
                       n     d_med      d_q25     d_q75    d_q90    d_q97    d_min   pay_med
pay_bin                                                                                     
(0.739, 39.586]     1117  -108.830  -166.9100  -92.5300  -78.934 -68.9236 -1196.84  -108.830
(39.586, 71.998]    1117  -130.300  -267.8500  -69.8800  -52.304 -42.3908 -1585.92  -130.300
(71.998, 106.576]   1116  -147.025  -330.4450  -61.1525  -27.400 -13.9090 -1800.24  -147.025
(106.576, 148.462]  1117  -189.930  -435.2700  -71.7000  -24.904  -7.1116 -2165.30  -189.930
(148.462, 200.15]   1117  -276.560  -556.6300 -121.3900  -38.906 -11.9080 -2480.09  -276.560
(200.15, 268.612]   1116  -307.255  -598.8025 -132.9975  -49.670 -15.9615 -2609.77  -307.255
(268.612, 355.118]  1117  -384.030  -731.4700 -169.3400  -67.140 -20.6272 -2895.63  -384.030
(355.118, 475.4]    1116  -517.145  -904.8875 -235.2125  -93.510 -25.1645 -3704.55  -517.145
(475.4, 676.29]     1117  -639.820 -1231.5700 -318.9600 -127.968 -50.7168 -3725.99  -639.820
(676.29, 3171.47]   1117 -1095.810 -1848.7700 -547.4200 -214.334 -61.4736 -4463.58 -1095.810

--- 3.1 保价金额：负值结构 ---
负值占比=7.72%  负值范围=[-1.000, -0.002]
负值直方(20箱)：
保价金额
(-1.001, -0.95]      256
(-0.95, -0.9]         81
(-0.9, -0.85]         62
(-0.85, -0.8]         46
(-0.8, -0.75]         44
(-0.75, -0.701]       45
(-0.701, -0.651]      31
(-0.651, -0.601]      29
(-0.601, -0.551]      36
(-0.551, -0.501]      34
(-0.501, -0.451]      24
(-0.451, -0.401]      23
(-0.401, -0.351]      19
(-0.351, -0.301]      24
(-0.301, -0.252]      20
(-0.252, -0.202]      21
(-0.202, -0.152]      23
(-0.152, -0.102]      16
(-0.102, -0.0519]     13
(-0.0519, -0.002]     15
=-1 的数量：42

--- 3.2 配送超时时长 ---
范围=[-291445, 427864]  在[427000,428000]内的占比=65.50%
分位数：
0.00   -291445.0
0.01   -187396.7
0.05   -100201.2
0.25     71227.5
0.50    427799.0
0.75    427856.0
0.95    427864.0
0.99    427864.0
1.00    427864.0
<0 的数量=1857

--- 3.3 妥投到进线时长（疑似混合单位）---
范围=[-82055, 998222896]
分位数：
0.000   -8.205500e+04
0.001   -8.205183e+04
0.010   -8.191568e+04
0.050   -7.853420e+04
0.250   -2.656000e+03
0.500    2.400280e+05
0.750    9.040625e+05
0.950    4.725548e+08
0.990    8.945956e+08
0.999    9.899555e+08
1.000    9.982229e+08
<0 数量=2840 (25.4%)  >1e8 数量=959 (8.6%)
在[-1e5,0)的数量=2840；在[-82100,-81900]的数量=120

--- 3.4 万单理赔率负值/发单量极端值 ---
始发网点万单理赔率: 负值数=992 范围=[-1.00,323.71]
目的网点万单理赔率: 负值数=1239 范围=[-1.00,269.67]
始发网点发单量: 附件1范围=[-1,9.26e+08] 附件2范围=[-1,7.44e+08]
   附件1 分位数：[-1.00000000e+00  2.10238000e+05  1.35915500e+06  9.86132870e+07
  9.26440226e+08]  附件2 分位数：[-1.00000000e+00  2.08186000e+05  1.33453930e+06  7.60428163e+07
  7.44000000e+08]
目的网点发单量: 附件1范围=[33,9.95e+10] 附件2范围=[0,7.46e+10]
   附件1 分位数：[3.30000000e+01 3.46360000e+05 1.91188240e+06 5.80898952e+09
 9.94571958e+10]  附件2 分位数：[0.000000e+00 3.619005e+05 1.840859e+06 4.694500e+09 7.460000e+10]

--- 3.5 完全重复行 ---
附件1 重复行数（不含自造列）=25

--- 类别/离散特征分布对照 ---

线路类型:
   1                                   附件1=  3.01%  附件2=  2.97%
   2                                   附件1= 85.05%  附件2= 85.82%
   3                                   附件1=  5.68%  附件2=  4.94%
   4                                   附件1=  0.16%  附件2=  0.14%
   5                                   附件1=  5.67%  附件2=  5.62%
   6                                   附件1=  0.32%  附件2=  0.25%
   7                                   附件1=  0.11%  附件2=  0.25%

是否c2c:
   0                                   附件1= 74.72%  附件2= 75.18%
   1                                   附件1= 25.28%  附件2= 24.82%

是否生鲜妥投及时:
   0                                   附件1= 94.27%  附件2= 93.52%
   1                                   附件1=  5.73%  附件2=  6.48%

寄件是否内部:
   -1                                  附件1= 92.52%  附件2= 92.37%
   0                                   附件1=  0.50%  附件2=  0.72%
   1                                   附件1=  6.98%  附件2=  6.91%

异常原因:
   Damage                              附件1= 21.37%  附件2= 21.31%
   Dangerous Goods                     附件1=  0.02%  附件2=  0.00%
   Handover Error                      附件1=  0.04%  附件2=  0.04%
   Pickup Error                        附件1= 17.49%  附件2= 17.59%
   Shipping Error                      附件1=  0.05%  附件2=  0.07%
   Suspected Lost                      附件1= 12.39%  附件2= 12.18%
   nan                                 附件1= 48.64%  附件2= 48.82%

进线渠道:
   Call                                附件1= 60.63%  附件2= 60.64%
   Complaint                           附件1=  1.39%  附件2=  1.65%
   Internal Software                   附件1= 24.12%  附件2= 23.60%
   Merchant Compensation Claim         附件1=  0.01%  附件2=  0.04%
   Mini Program                        附件1=  4.48%  附件2=  4.58%
   Vendor Consultation                 附件1=  8.53%  附件2=  8.63%
   nan                                 附件1=  0.84%  附件2=  0.86%

商品类型:
   Alcohol                             附件1=  4.85%  附件2=  5.16%
   Apparel, Footwear & Accessories     附件1=  3.11%  附件2=  3.65%
   Appliances                          附件1=  4.21%  附件2=  3.80%
   Beauty & Daily Essentials           附件1=  3.79%  附件2=  3.47%
   Documents & Bills                   附件1=  3.48%  附件2=  3.08%
   Dried Groceries                     附件1= 10.37%  附件2=  9.49%
   Electronic Product                  附件1=  3.26%  附件2=  3.98%
   Fresh                               附件1=  3.49%  附件2=  3.55%
   Furniture                           附件1=  5.12%  附件2=  5.77%
   Hardware                            附件1=  9.79%  附件2=  9.85%
   Home Improvement and Building Material 附件1=  3.36%  附件2=  3.90%
   Household Goods                     附件1=  4.72%  附件2=  4.26%
   Jewelry                             附件1=  6.34%  附件2=  6.45%
   Maternity & Baby Products           附件1=  3.39%  附件2=  3.44%

新旧程度:
   -1                                  附件1= 43.95%  附件2= 45.70%
   0                                   附件1= 51.45%  附件2= 50.11%
   1                                   附件1=  4.53%  附件2=  4.15%
   2                                   附件1=  0.07%  附件2=  0.04%

寄件B/C:
   B                                   附件1= 48.06%  附件2= 48.64%
   C                                   附件1= 41.00%  附件2= 40.01%
   Not Known                           附件1=  9.70%  附件2= 10.03%
   Staff                               附件1=  1.24%  附件2=  1.33%

进线人身份:
   Consigner                           附件1= 62.53%  附件2= 62.71%
   Receiver                            附件1= 25.15%  附件2= 24.57%
   Staff                               附件1=  1.73%  附件2=  1.68%
   Unknown                             附件1= 10.59%  附件2= 11.03%

--- ID 型特征值域覆盖 ---
始发城市: 附件1唯一值=304, 附件2=265, 附件2不在附件1的=0
目的城市: 附件1唯一值=320, 附件2=284, 附件2不在附件1的=2
寄件人id: 附件1唯一值=2936, 附件2=1486, 附件2不在附件1的=132
收件人id: 附件1唯一值=3899, 附件2=1913, 附件2不在附件1的=177

--- Result 模板 ---
shape=(2792, 3) 列=['运单号', '实际赔付金额', '风险标注']
运单号范围=[1,2792] 是否与附件2完全一致（顺序+取值）=True
重复运单号=0

=== 02_data_deepdive done ===