=== 03_target_structure start ===
n=11167  u范围=[0.08,4463.58]  r范围=[0.0074,0.9999]

--- (a) 超额u 分位数 × 赔付十分位（看绝对量阈值是否随 p 上升）---
                     u_q0.5  u_q0.75  u_q0.85   u_q0.9  u_q0.95  u_q0.97  u_q0.98  u_q0.99  u_q0.997    u_max  pay_med
pay_bin10                                                                                                             
(0.739, 39.586]      108.83   166.91   237.88   311.55   475.36   532.91   585.45   640.16    939.34  1196.84    21.75
(39.586, 71.998]     130.30   267.85   418.06   545.79   750.86   815.14   873.85   997.04   1108.95  1585.92    55.29
(71.998, 106.576]    147.02   330.44   488.96   629.12   866.48  1068.46  1174.08  1282.66   1625.06  1800.24    88.83
(106.576, 148.462]   189.93   435.27   620.50   797.06  1087.32  1232.25  1342.61  1494.52   1723.01  2165.30   126.97
(148.462, 200.15]    276.56   556.63   766.10   906.39  1210.68  1371.98  1595.35  1914.01   2204.78  2480.09   173.36
(200.15, 268.612]    307.26   598.80   771.75   945.42  1355.11  1635.20  1807.80  2005.87   2279.05  2609.77   232.69
(268.612, 355.118]   384.03   731.47   947.18  1129.21  1617.79  1851.31  2054.61  2298.02   2592.03  2895.63   309.05
(355.118, 475.4]     517.14   904.89  1141.30  1498.84  1959.97  2211.66  2349.17  2554.71   2867.23  3704.55   408.78
(475.4, 676.29]      639.82  1231.57  1553.56  1892.46  2336.86  2586.56  2720.74  3007.50   3308.66  3725.99   563.58
(676.29, 3171.47]   1095.81  1848.77  2500.76  2868.84  3341.23  3594.45  3747.01  4000.24   4205.66  4463.58   863.16

--- (b) 赔付率r 分位数 × 赔付十分位（若比值形态则各行近似水平）---
                    r_q0.5  r_q0.75  r_q0.85  r_q0.9  r_q0.95  r_q0.97  r_q0.98  r_q0.99  r_q0.997
pay_bin10                                                                                         
(0.739, 39.586]     0.1269   0.2033   0.2413  0.2760   0.3145   0.3372   0.3461   0.3642    0.3798
(39.586, 71.998]    0.2912   0.4209   0.4890  0.5261   0.5773   0.6031   0.6201   0.6607    0.6972
(71.998, 106.576]   0.3726   0.5900   0.7135  0.7576   0.8420   0.8755   0.9013   0.9359    0.9725
(106.576, 148.462]  0.3996   0.6371   0.7725  0.8288   0.9166   0.9468   0.9584   0.9786    0.9906
(148.462, 200.15]   0.3889   0.5892   0.7271  0.8155   0.9137   0.9378   0.9550   0.9813    0.9942
(200.15, 268.612]   0.4288   0.6366   0.7369  0.8211   0.9001   0.9366   0.9549   0.9782    0.9952
(268.612, 355.118]  0.4393   0.6490   0.7640  0.8199   0.9003   0.9353   0.9599   0.9790    0.9899
(355.118, 475.4]    0.4367   0.6311   0.7358  0.8128   0.9054   0.9430   0.9626   0.9846    0.9970
(475.4, 676.29]     0.4683   0.6384   0.7460  0.8094   0.8839   0.9146   0.9419   0.9624    0.9974
(676.29, 3171.47]   0.4681   0.6217   0.7379  0.7989   0.8915   0.9382   0.9568   0.9768    0.9912

--- (c) 线性形态检验：u ≈ 1.1735*p + 171.71（OLS 全局）---
                    ulin_q0.85  ulin_q0.95  ulin_q0.97  ulin_q0.99
pay_bin10                                                         
(0.739, 39.586]          35.56      273.51      338.77      434.28
(39.586, 71.998]        186.81      507.67      574.20      758.29
(71.998, 106.576]       213.49      593.70      793.36     1007.86
(106.576, 148.462]      304.65      770.94      912.14     1164.89
(148.462, 200.15]       398.04      844.41      990.87     1549.41
(200.15, 268.612]       330.45      932.98     1193.71     1542.16
(268.612, 355.118]      397.84     1112.32     1313.89     1771.08
(355.118, 475.4]        487.78     1277.49     1548.75     1891.39
(475.4, 676.29]         681.00     1505.51     1682.74     2064.17
(676.29, 3171.47]      1333.78     2040.55     2256.56     2519.84

--- (d) 密度结构（u 等宽直方，前两个与后两个赔付箱）---

箱 (106.576, 148.462]  (pay中位=127, n=1117)
  [0,100):358 | [100,200):212 | [200,300):146 | [300,400):102 | [400,500):70 | [500,600):50 | [600,700):37 | [700,800):31 | [800,900):26 | [900,1000):13 | [1000,1100):19 | [1100,1200):16 | [1200,1300):10 | [1300,1400):8 | [1400,1500):8

箱 (71.998, 106.576]  (pay中位=89, n=1116)
  [0,100):421 | [100,200):248 | [200,300):133 | [300,400):86 | [400,500):65 | [500,600):45 | [600,700):23 | [700,800):21 | [800,900):24 | [900,1000):13 | [1000,1100):8 | [1100,1200):8 | [1200,1300):10 | [1300,1400):3 | [1400,1500):1

箱 (676.29, 3171.47]  (pay中位=863, n=1117)
  [0,100):52 | [100,200):55 | [200,300):49 | [300,400):49 | [400,500):50 | [500,600):53 | [600,700):51 | [700,800):59 | [800,900):46 | [900,1000):57 | [1000,1100):42 | [1100,1200):51 | [1200,1300):54 | [1300,1400):36 | [1400,1500):33

箱 (475.4, 676.29]  (pay中位=564, n=1117)
  [0,100):81 | [100,200):92 | [200,300):94 | [300,400):100 | [400,500):83 | [500,600):83 | [600,700):62 | [700,800):64 | [800,900):49 | [900,1000):42 | [1000,1100):33 | [1100,1200):45 | [1200,1300):37 | [1300,1400):32 | [1400,1500):41

--- (e) 全局 u 分位数 ---
0.850     983.42
0.900    1265.32
0.950    1827.12
0.970    2240.50
0.980    2522.01
0.990    2970.64
0.995    3351.52
0.999    3999.94
u<=100 占比=22.74%  u<=150 占比=33.51%  u<=200 占比=40.64%

--- (f) 实际赔付金额 与 数值特征的 Spearman 秩相关 ---
索赔金额    0.8069
保价金额    0.3380

--- (g) 商品类型 × 实际赔付金额中位数 / 索赔金额中位数 ---
                                        pay_med  claim_med     n
商品类型                                                            
Hardware                                  218.4      515.6  1093
Miscellaneous Goods                       217.3      612.6  2734
Pharmaceuticals                           216.7      523.7   696
Dried Groceries                           209.3      602.9  1158
Electronic Product                        206.9      578.7   364
Appliances                                206.4      558.7   470
Furniture                                 205.9      546.3   572
Documents & Bills                         199.0      498.6   389
Fresh                                     196.3      470.2   390
Home Improvement and Building Material    193.8      551.9   375
Beauty & Daily Essentials                 193.7      473.2   423
Apparel, Footwear & Accessories           188.9      509.5   347
Alcohol                                   177.9      475.3   542
Household Goods                           174.4      510.4   527
Jewelry                                   161.8      475.5   708
Maternity & Baby Products                 147.7      459.5   379

=== 03_target_structure done ===