=== 04_density_valley start ===
--- (1) u 全局直方（20元箱）---
  [   0,  20)   353 ##############
  [  20,  40)   409 ################
  [  40,  60)   471 ##################
  [  60,  80)   567 ######################
  [  80, 100)   739 #############################
  [ 100, 120)   568 ######################
  [ 120, 140)   438 #################
  [ 140, 160)   371 ##############
  [ 160, 180)   318 ############
  [ 180, 200)   304 ############
  [ 200, 220)   290 ###########
  [ 220, 240)   238 #########
  [ 240, 260)   260 ##########
  [ 260, 280)   224 ########
  [ 280, 300)   213 ########
  [ 300, 320)   203 ########
  [ 320, 340)   193 #######
  [ 340, 360)   211 ########
  [ 360, 380)   167 ######
  [ 380, 400)   144 #####
  [ 400, 420)   127 #####
  [ 420, 440)   129 #####
  [ 440, 460)   136 #####
  [ 460, 480)   145 #####
  [ 480, 500)   138 #####
  [ 500, 520)   123 ####
  [ 520, 540)   143 #####
  [ 540, 560)   122 ####
  [ 560, 580)   111 ####
  [ 580, 600)   120 ####
  [ 600, 620)    93 ###
  [ 620, 640)    89 ###
  [ 640, 660)    85 ###
  [ 660, 680)    94 ###
  [ 680, 700)    90 ###
  [ 700, 720)   111 ####
  [ 720, 740)   101 ####
  [ 740, 760)    89 ###
  [ 760, 780)    77 ###
  [ 780, 800)    76 ###
  [ 800, 820)    84 ###
  [ 820, 840)    61 ##
  [ 840, 860)    90 ###
  [ 860, 880)    65 ##
  [ 880, 900)    60 ##
  [ 900, 920)    53 ##
  [ 920, 940)    57 ##
  [ 940, 960)    67 ##
  [ 960, 980)    64 ##
  [ 980,1000)    43 #
  [1000,1020)    40 #
  [1020,1040)    37 #
  [1040,1060)    38 #
  [1060,1080)    36 #
  [1080,1100)    48 #
  [1100,1120)    55 ##
  [1120,1140)    42 #
  [1140,1160)    38 #
  [1160,1180)    33 #
  [1180,1200)    41 #
  [1200,1220)    33 #
  [1220,1240)    37 #
  [1240,1260)    39 #
  [1260,1280)    26 #
  [1280,1300)    35 #
  [1300,1320)    25 #
  [1320,1340)    32 #
  [1340,1360)    26 #
  [1360,1380)    22 
  [1380,1400)    13 
  [1400,1420)    32 #
  [1420,1440)    15 
  [1440,1460)    29 #
  [1460,1480)    19 

--- (2) u/p 比值直方（0.05箱，上限5）---
  [0.00,0.05)   181 #######
  [0.05,0.10)   200 ########
  [0.10,0.15)   193 #######
  [0.15,0.20)   192 #######
  [0.20,0.25)   175 #######
  [0.25,0.30)   195 #######
  [0.30,0.35)   181 #######
  [0.35,0.40)   201 ########
  [0.40,0.45)   192 #######
  [0.45,0.50)   199 #######
  [0.50,0.55)   181 #######
  [0.55,0.60)   189 #######
  [0.60,0.65)   171 ######
  [0.65,0.70)   189 #######
  [0.70,0.75)   188 #######
  [0.75,0.80)   173 ######
  [0.80,0.85)   182 #######
  [0.85,0.90)   171 ######
  [0.90,0.95)   165 ######
  [0.95,1.00)   188 #######
  [1.00,1.05)   167 ######
  [1.05,1.10)   144 #####
  [1.10,1.15)   169 ######
  [1.15,1.20)   165 ######
  [1.20,1.25)   143 #####
  [1.25,1.30)   140 #####
  [1.30,1.35)   139 #####
  [1.35,1.40)   134 #####
  [1.40,1.45)   132 #####
  [1.45,1.50)   127 #####
  [1.50,1.55)   131 #####
  [1.55,1.60)   126 #####
  [1.60,1.65)   120 ####
  [1.65,1.70)   121 ####
  [1.70,1.75)   135 #####
  [1.75,1.80)   129 #####
  [1.80,1.85)   106 ####
  [1.85,1.90)   106 ####
  [1.90,1.95)   100 ####
  [1.95,2.00)   102 ####
  [2.00,2.05)    95 ###
  [2.05,2.10)   107 ####
  [2.10,2.15)    93 ###
  [2.15,2.20)   100 ####
  [2.20,2.25)    96 ###
  [2.25,2.30)    71 ##
  [2.30,2.35)    82 ###
  [2.35,2.40)    76 ###
  [2.40,2.45)    87 ###
  [2.45,2.50)    88 ###
  [2.50,2.55)    83 ###
  [2.55,2.60)    80 ###
  [2.60,2.65)    70 ##
  [2.65,2.70)    68 ##
  [2.70,2.75)    67 ##
  [2.75,2.80)    58 ##
  [2.80,2.85)    67 ##
  [2.85,2.90)    76 ###
  [2.90,2.95)    57 ##
  [2.95,3.00)    71 ##
  [3.00,3.05)    58 ##
  [3.05,3.10)    61 ##
  [3.10,3.15)    64 ##
  [3.15,3.20)    58 ##
  [3.20,3.25)    51 ##
  [3.25,3.30)    60 ##
  [3.30,3.35)    53 ##
  [3.35,3.40)    46 #
  [3.40,3.45)    49 #
  [3.45,3.50)    62 ##
  [3.50,3.55)    43 #
  [3.55,3.60)    43 #
  [3.60,3.65)    42 #
  [3.65,3.70)    46 #
  [3.70,3.75)    45 #
  [3.75,3.80)    36 #
  [3.80,3.85)    40 #
  [3.85,3.90)    34 #
  [3.90,3.95)    31 #
  [3.95,4.00)    33 #
  [4.00,4.05)    38 #
  [4.05,4.10)    28 #
  [4.10,4.15)    30 #
  [4.15,4.20)    38 #
  [4.20,4.25)    26 #
  [4.25,4.30)    31 #
  [4.30,4.35)    44 #
  [4.35,4.40)    30 #
  [4.40,4.45)    37 #
  [4.45,4.50)    29 #
  [4.50,4.55)    32 #
  [4.55,4.60)    40 #
  [4.60,4.65)    24 
  [4.65,4.70)    31 #
  [4.70,4.75)    25 #
  [4.75,4.80)    28 #
  [4.80,4.85)    20 
  [4.85,4.90)    22 
  [4.90,4.95)    23 
  [4.95,5.00)    25 #
u/p > 5 的数量 = 1677  u/p 中位数=1.670

--- (3) 赔付率 r 直方（0.02箱）---
  [0.00,0.02)    40 #
  [0.02,0.04)   107 ####
  [0.04,0.06)   114 ####
  [0.06,0.08)   241 #########
  [0.08,0.10)   224 ########
  [0.10,0.12)   266 ##########
  [0.12,0.14)   259 ##########
  [0.14,0.16)   329 #############
  [0.16,0.18)   328 #############
  [0.18,0.20)   370 ##############
  [0.20,0.22)   353 ##############
  [0.22,0.24)   402 ################
  [0.24,0.26)   411 ################
  [0.26,0.28)   372 ##############
  [0.28,0.30)   391 ###############
  [0.30,0.32)   371 ##############
  [0.32,0.34)   368 ##############
  [0.34,0.36)   339 #############
  [0.36,0.38)   391 ###############
  [0.38,0.40)   325 #############
  [0.40,0.42)   309 ############
  [0.42,0.44)   299 ###########
  [0.44,0.46)   293 ###########
  [0.46,0.48)   284 ###########
  [0.48,0.50)   275 ###########
  [0.50,0.52)   271 ##########
  [0.52,0.54)   245 #########
  [0.54,0.56)   231 #########
  [0.56,0.58)   226 #########
  [0.58,0.60)   218 ########
  [0.60,0.62)   190 #######
  [0.62,0.64)   196 #######
  [0.64,0.66)   159 ######
  [0.66,0.68)   171 ######
  [0.68,0.70)   180 #######
  [0.70,0.72)   143 #####
  [0.72,0.74)   152 ######
  [0.74,0.76)   124 ####
  [0.76,0.78)   130 #####
  [0.78,0.80)   129 #####
  [0.80,0.82)   105 ####
  [0.82,0.84)   100 ####
  [0.84,0.86)   110 ####
  [0.86,0.88)   104 ####
  [0.88,0.90)    95 ###
  [0.90,0.92)   101 ####
  [0.92,0.94)    88 ###
  [0.94,0.96)    86 ###
  [0.96,0.98)    76 ###
  [0.98,1.00)    76 ###

--- (4) 窄赔付切片（100元宽）内 u 分位数 ---
                 q50     q80     q85     q90     q95     q97     q99     n
p_slice                                                                   
(0, 100]       119.1   290.5   360.6   494.0   701.7   806.6  1060.9  3136
(100, 200]     231.2   577.4   693.9   855.7  1152.3  1296.6  1670.4  2443
(200, 300]     327.5   715.2   816.9   973.7  1450.8  1706.0  2038.8  1550
(300, 400]     407.2   881.4  1009.7  1143.8  1654.4  1911.4  2336.9  1168
(400, 500]     565.6  1113.0  1254.1  1664.4  2099.4  2304.6  2711.2   806
(500, 600]     709.5  1372.3  1522.8  1948.9  2332.9  2493.6  2942.1   582
(600, 700]     697.0  1592.4  1810.9  2093.3  2587.1  2779.8  3205.0   448
(700, 800]     881.0  1698.6  2062.3  2494.9  2829.4  2933.7  3349.6   325
(800, 900]    1066.2  2334.0  2647.4  2877.6  3134.1  3323.6  3556.5   231
(900, 1000]   1103.8  2643.0  2850.1  3119.7  3367.6  3474.3  3850.2   147
(1000, 1100]  1201.2  2508.7  3018.7  3349.7  3581.6  3677.9  3907.3   130
(1100, 1200]  1190.4  3029.0  3444.9  3724.6  3960.6  4043.9  4179.4    69
(1200, 1300]  1344.5  3705.6  3883.4  4136.2  4201.0  4210.2  4229.9    52
(1300, 1400]  1083.1  1905.2  2137.3  2185.7  2276.7  2353.6  2425.5    30
(1400, 1500]  1201.8  1909.3  2097.7  2150.9  2245.9  2298.2  2350.5    14

--- (5) log1p(u) 直方（0.2箱）---
  [ 0.0, 0.2)     2 
  [ 0.2, 0.4)     7 
  [ 0.4, 0.6)     5 
  [ 0.6, 0.8)     8 
  [ 0.8, 1.0)    14 
  [ 1.0, 1.2)     4 
  [ 1.2, 1.4)    14 
  [ 1.4, 1.6)    14 
  [ 1.6, 1.8)    11 
  [ 1.8, 2.0)    27 
  [ 2.0, 2.2)    31 
  [ 2.2, 2.4)    30 
  [ 2.4, 2.6)    45 #
  [ 2.6, 2.8)    51 #
  [ 2.8, 3.0)    68 #
  [ 3.0, 3.2)    83 ##
  [ 3.2, 3.4)   114 ##
  [ 3.4, 3.6)   145 ###
  [ 3.6, 3.8)   170 ####
  [ 3.8, 4.0)   243 ######
  [ 4.0, 4.2)   313 #######
  [ 4.2, 4.4)   426 ##########
  [ 4.4, 4.6)   652 ################
  [ 4.6, 4.8)   641 ################
  [ 4.8, 5.0)   573 ##############
  [ 5.0, 5.2)   551 #############
  [ 5.2, 5.4)   589 ##############
  [ 5.4, 5.6)   610 ###############
  [ 5.6, 5.8)   620 ###############
  [ 5.8, 6.0)   632 ###############
  [ 6.0, 6.2)   608 ###############
  [ 6.2, 6.4)   676 ################
  [ 6.4, 6.6)   637 ###############
  [ 6.6, 6.8)   616 ###############
  [ 6.8, 7.0)   479 ###########
  [ 7.0, 7.2)   447 ###########
  [ 7.2, 7.4)   319 #######
  [ 7.4, 7.6)   237 #####
  [ 7.6, 7.8)   203 #####
  [ 7.8, 8.0)   141 ###
  [ 8.0, 8.2)    76 #
  [ 8.2, 8.4)    34 

=== 04_density_valley done ===