=== 06_q1_rule start ===
n=11167  p∈[0.74,3171.47]  u∈[0.08,4463.58]
K=20 等频箱，箱中位赔付=[12.18 ... 1044.96]，箱规模 min=557

--- S1-S4(v3) 网格校验表（节选：S1 合规[合理>=85.5%,严重∈[1.5,3)] 且 S2 零违例 且 S3-v3 成立 且 密度比>1.1）---
                     name    pct_合理    pct_偏高   pct_严重  mono_viol  compact_r  compact_p  compact_s  s3_ok   dens_r   dens_p   dens_s  dens_ratio_rs  dens_ratio_rp      form  tau1  tau2
M2(γ=1.0)|τ1=0.86,τ2=0.97 85.967583 11.068326 2.964091          0   0.366055   0.343137   0.425183   True 0.001733 0.000210 0.000057      30.216311       8.270489 M2(g=1.0)  0.86  0.97
       M1|τ1=0.86,τ2=0.98 85.931763 12.053372 2.014865          0   0.364561   0.393620   0.401268   True 0.001749 0.000216 0.000051      34.283852       8.111880        M1  0.86  0.98
M2(γ=1.0)|τ1=0.86,τ2=0.98 85.967583 11.963822 2.068595          0   0.366055   0.383965   0.390204   True 0.001733 0.000201 0.000045      38.862126       8.608167 M2(g=1.0)  0.86  0.98
M2(γ=1.2)|τ1=0.86,τ2=0.98 86.075043 11.713083 2.211874          0   0.372477   0.390045   0.402869   True 0.001713 0.000197 0.000046      37.073586       8.683204 M2(g=1.2)  0.86  0.98
M2(γ=1.5)|τ1=0.86,τ2=0.98 85.976538 11.596669 2.426793          0   0.390504   0.379401   0.395695   True 0.001697 0.000204 0.000052      32.765045       8.316244 M2(g=1.5)  0.86  0.98
M2(γ=2.0)|τ1=0.86,τ2=0.98 85.716844 11.417570 2.865586          0   0.407577   0.368023   0.384901   True 0.001672 0.000200 0.000055      30.673545       8.351019 M2(g=2.0)  0.86  0.98
M2(γ=2.0)|τ1=0.86,τ2=0.99 85.716844 12.572759 1.710397          0   0.407577   0.424734   0.388182   True 0.001672 0.000189 0.000043      38.579139       8.850650 M2(g=2.0)  0.86  0.99
M2(γ=1.0)|τ1=0.88,τ2=0.97 87.686935  9.348975 2.964091          0   0.396136   0.318429   0.425183   True 0.001707 0.000187 0.000057      29.758594       9.114258 M2(g=1.0)  0.88  0.97
       M1|τ1=0.88,τ2=0.98 87.910809 10.074326 2.014865          0   0.396985   0.370023   0.401268   True 0.001716 0.000189 0.000051      33.634321       9.073160        M1  0.88  0.98
M2(γ=1.0)|τ1=0.88,τ2=0.98 87.686935 10.244470 2.068595          0   0.396136   0.359256   0.390204   True 0.001707 0.000180 0.000045      38.273442       9.507469 M2(g=1.0)  0.88  0.98
M2(γ=1.2)|τ1=0.88,τ2=0.98 87.794394  9.993732 2.211874          0   0.404285   0.364840   0.402869   True 0.001692 0.000177 0.000046      36.603500       9.532546 M2(g=1.2)  0.88  0.98
M2(γ=1.5)|τ1=0.88,τ2=0.98 88.161547  9.411659 2.426793          0   0.421499   0.349470   0.395695   True 0.001668 0.000175 0.000052      32.203060       9.556995 M2(g=1.5)  0.88  0.98
M2(γ=2.0)|τ1=0.88,τ2=0.98 87.892899  9.241515 2.865586          0   0.432311   0.339884   0.384901   True 0.001652 0.000174 0.000055      30.304307       9.484683 M2(g=2.0)  0.88  0.98
M2(γ=2.0)|τ1=0.88,τ2=0.99 87.892899 10.396705 1.710397          0   0.432311   0.396595   0.388182   True 0.001652 0.000163 0.000043      38.114735      10.107478 M2(g=2.0)  0.88  0.99
 M2(γ=1.0)|τ1=0.9,τ2=0.97 89.773440  7.262470 2.964091          0   0.438080   0.280501   0.425183   True 0.001676 0.000164 0.000057      29.221555      10.206245 M2(g=1.0)  0.90  0.97
        M1|τ1=0.9,τ2=0.98 89.943584  8.041551 2.014865          0   0.431403   0.333978   0.401268   True 0.001685 0.000163 0.000051      33.027423      10.316858        M1  0.90  0.98
 M2(γ=1.0)|τ1=0.9,τ2=0.98 89.773440  8.157965 2.068595          0   0.438080   0.321328   0.390204   True 0.001676 0.000157 0.000045      37.582740      10.676615 M2(g=1.0)  0.90  0.98

>>> 冻结规则：M2(g=1.0)  τ1=0.86, τ2=0.98  占比(合理/偏高/严重)=85.97/11.96/2.07%  密度比(合理/严重)=38.9

--- 附件1 标注占比（题面软约束对照）---
合理诉求: 85.97%  (题面 ≥85%)
诉求偏高: 11.96%
严重超额: 2.07%  (题面 <3%)

--- 三类画像 ---
         n    u_med    u_q25    u_q75    u_max   p_med  p_mean    占比%
风险标注                                                                 
合理诉求  9600   218.20    96.87   491.52  3001.07  203.78  291.74  85.97
诉求偏高  1336   988.47   711.74  1811.92  4239.52  176.38  299.33  11.96
严重超额   231  1949.74  1513.40  2446.96  4463.58  237.54  271.98   2.07
[saved] C:\Users\21732\Desktop\2025b论文\agent_workspace_B1\output\tables\rule_final.json
=== 06_q1_rule done ===