=== 08_q3_classification start ===
标签分布：{0: 9600, 1: 1336, 2: 231}  (合理 85.97% / 偏高 11.96% / 严重 2.07%)
A_clsW_balanced              宏F1=0.6200±0.0092 acc=0.9190 严重召回=0.204 严重精确=0.331 严重F1=0.252
B_resample_r1=0.5,r2=0.3     宏F1=0.6229±0.0189 acc=0.9258 严重召回=0.182 严重精确=0.359 严重F1=0.241
B_resample_r1=0.5,r2=0.5     宏F1=0.6350±0.0118 acc=0.9255 严重召回=0.230 严重精确=0.366 严重F1=0.282
B_resample_r1=1.0,r2=0.3     宏F1=0.6052±0.0135 acc=0.9217 严重召回=0.130 严重精确=0.353 严重F1=0.190
B_resample_r1=1.0,r2=0.5     宏F1=0.6111±0.0172 acc=0.9208 严重召回=0.160 严重精确=0.333 严重F1=0.216
C_prior_corr_w=0.25          宏F1=0.6203±0.0090 acc=0.9267 严重召回=0.165 严重精确=0.376 严重F1=0.229
C_prior_corr_w=0.5           宏F1=0.6140±0.0122 acc=0.9208 严重召回=0.191 严重精确=0.308 严重F1=0.235
C_prior_corr_w=1.0           宏F1=0.6038±0.0232 acc=0.8930 严重召回=0.316 严重精确=0.280 严重F1=0.297

--- 方案汇总 ---
                  scheme  macroF1_mean  macroF1_std  acc_mean  recall_severe_mean  prec_severe  f1_severe
         A_clsW_balanced      0.619988     0.009168  0.918958            0.203608     0.330986   0.252011
B_resample_r1=0.5,r2=0.3      0.622936     0.018950  0.925763            0.181776     0.358974   0.241379
B_resample_r1=0.5,r2=0.5      0.634954     0.011828  0.925494            0.229602     0.365517   0.281915
B_resample_r1=1.0,r2=0.3      0.605204     0.013465  0.921733            0.130065     0.352941   0.189873
B_resample_r1=1.0,r2=0.5      0.611117     0.017223  0.920838            0.160222     0.333333   0.216374
     C_prior_corr_w=0.25      0.620281     0.008988  0.926748            0.164755     0.376238   0.228916
      C_prior_corr_w=0.5      0.613967     0.012201  0.920838            0.190749     0.307692   0.235294
      C_prior_corr_w=1.0      0.603832     0.023185  0.892989            0.316374     0.279693   0.296748

>>> 路线A 最优方案：B_resample_r1=0.5,r2=0.5（宏F1=0.6350）

路线B(回归+规则)          宏F1=0.2455 acc=0.3303 严重召回=1.000 严重精确=0.062 严重F1=0.116
路线B 混淆矩阵：
        预测_合理诉求  预测_诉求偏高  预测_严重超额
真_合理诉求     3073     3971     2556
真_诉求偏高        0      385      951
真_严重超额        0        0      231

路线A 最优方案 OOF 混淆矩阵：
        预测_合理诉求  预测_诉求偏高  预测_严重超额
真_合理诉求     9506       88        6
真_诉求偏高      474      776       86
真_严重超额        7      171       53
[saved] q3_model_config.json
=== 08_q3_classification done ===