=== 10_sensitivity start ===
--- (a) τ 扰动敏感性 ---
 tau1  tau2  pct_合理  pct_偏高  pct_严重  密度比_合理严重  n_严重
 0.85  0.97  85.000  12.035   2.964    52.673   331
 0.85  0.98  85.000  12.931   2.069    66.021   231
 0.85  0.99  85.000  13.871   1.128   115.373   126
 0.86  0.97  85.968  11.068   2.964    52.073   331
 0.86  0.98  85.968  11.964   2.069    65.270   231
 0.86  0.99  85.968  12.904   1.128   114.193   126
 0.88  0.97  87.687   9.349   2.964    51.364   331
 0.88  0.98  87.687  10.244   2.069    64.378   231
 0.88  0.99  87.687  11.185   1.128   112.377   126
 0.90  0.97  89.773   7.262   2.964    50.517   331
 0.90  0.98  89.773   8.158   2.069    63.307   231
 0.90  0.99  89.773   9.098   1.128   110.204   126
(b) τ=(0.86,0.98) 严重占比=2.07%  Q3宏F1=0.6350±0.0118
(b) τ=(0.85,0.97) 严重占比=2.96%  Q3宏F1=0.6165±0.0136
(b) τ=(0.88,0.98) 严重占比=2.07%  Q3宏F1=0.6238±0.0191
(c) 消融 全量             (n_feat=42): MAE=95.81±2.61
(c) 消融 无索赔金额特征        (n_feat=39): MAE=183.94±6.32
(c) 消融 无网点行为特征        (n_feat=28): MAE=95.73±3.01
(c) 消融 无频次编码特征        (n_feat=35): MAE=95.77±2.78
(c) 消融 仅索赔金额特征        (n_feat=2): MAE=119.35±3.73
(d) p̂=索赔金额−中位超额(282.94) 的 MAE = 392.45
=== 10_sensitivity done ===