========================================================================
A10 格式合规检查（对照 00_admin/A1_审题.md 第五节 F1–F7）
========================================================================
[F1–F4/F6] result 文件只读复核（核验主体为 A6 日志 a6_06_提交组装校验.log，此处为独立复核）
  工作表=Sheet1 形状=(2792, 3) 列=['运单号', '实际赔付金额', '风险标注']
  F1 含问题2赔付预测列：True｜F2 同文件含问题3风险标注列：True
  F3 运单号与附件2逐行一致（顺序+取值零改动）：True
  F4 标注取值域=['严重超额', '合理诉求', '诉求偏高'] → 限于三类：True
  F6 行覆盖=附件2全部运单（2792 行）且无空值（空值=0）：True
[F5] 提交物在位：论文=True result=True
[F7] 论文固定章节覆盖性核对（C15/C16/C9/C13/C14）
  C15 Q1 规则说明：5.1.2 坐标系选择与规则结构、5.1.3 参数校准与网格择优 → 覆盖
  C16 Q1 结果及分析：5.1.4 附件 1 的风险标注结果、5.1.5 规则检验 → 覆盖
  C9  Q2 评估指标说明：5.2.3 评估方案与强制基线、5.2.4 求解结果 → 覆盖
  C13 Q3 不均衡处理方法：5.3.2 类别不均衡的两级杠杆处理 → 覆盖
  C14 两方法优劣势论述：5.3.5 路线对比与消融分析 → 覆盖
------------------------------------------------------------------------
docx 版式抽查
  页面 A4：True（21.0×29.7 cm）｜页边距 2.5cm：True (2.4994305555555556, 2.4994305555555556, 2.4994305555555556, 2.4994305555555556)
  标题段=35 样式=['Heading 1', 'Heading 2', 'Heading 3', 'Title'] 中文字体=['黑体'] 字号=[12.0, 14.0, 15.0, 16.0]
  正文段=126（另图题段=8）中文字体=['宋体'] 西文字体=['Times New Roman'] 字号=[12.0] 行距=[1.5]
  图片 8 张，宽度集合={15.0} cm（期望 {15.0}）
  表格 6 张，表头加粗=[True, True, True, True, True, True]
  表格单元格字号集合=[10.5]（期望 {10.5}）
------------------------------------------------------------------------
摘要一致性
  摘要.md 正文与 论文.md 摘要节逐字一致：True
  摘要正文进入 docx 首页（标题+摘要+关键词）：True
  摘要关键数字 19 项全部在列且与正文同源：True（缺失=无）
------------------------------------------------------------------------
合规总判定：ALL PASS
