========================================================================
A10 md->docx 转制  |  python-docx  |  源：C:\Users\21732\Desktop\2025b论文\agent_workspace_B2\paper\论文.md
========================================================================
解析块统计：{'h': 35, 'p': 116, 'hr': 9, 'quote': 2, 'img': 8, 'caption': 8, 'table': 6}
md 表格块=6（符号说明表 + 表1–表5）、md 图片引用=8
已保存：C:\Users\21732\Desktop\2025b论文\agent_workspace_B2\paper\论文.docx
构建统计：标题=35 段落=177 表格=6 图片=8
------------------------------------------------------------------------
自检 ①：裸 LaTeX 残片扫描（$、\begin、\frac、\le、\ge、\sum、\(、_[、反斜杠命令）
自检① 结论：PASS（未发现任何裸 LaTeX 残片）
自检 ②：图片嵌入数（期望 8）
  inline_shapes=8 -> PASS
自检 ③：表格数量与 md 一致（md=6）
  docx 表格=6 -> PASS
自检 ④：段落总数 > 100
  段落统计=177 -> PASS
自检 ⑤：保存后重新打开回读验证
  回读：段落=177 表格=6 图片=8 标题在=True 摘要/关键词在=True 占位符=无
  自检⑤ 结论：PASS
------------------------------------------------------------------------
总判定：ALL PASS —— 转制完成
