====================================================================================================
A3-06 特征工程 | pandas 3.0.5 | 种子 20251004（无随机操作，登记用）
====================================================================================================
[0] 读入基础清洗表：附件1 (11167, 52)，附件2 (2792, 46)
[F] 配送超时时长_sl / 妥投到进线时长_sl（附件1）| 定义: sign(x)·ln(1+|x|) | 理由: a3_02 [2]：两时长列重尾（妥投到进线 max≈9.98e8 ms）且配送超时呈负支+427864 硬墙双峰；有符号对数保留方向信息并压缩量纲（通用变换手法，非本题资料）
[F] 配送超时时长_触墙 / _为负（附件1）| 定义: (== 427864) 与 (<0) 的 0/1 标记 | 理由: a3_02 [2] 密度剖面：64.6% 质量堆叠于硬墙 [427500,427864]，16.6% 为负支；截断结构信息需显式暴露给下游
[F] 始发/目的网点发单量_log10（附件1）| 定义: log10(1+x)，x<0 已在 a3_03 哨兵化为 NaN 后取 0 下限 | 理由: a3_01 [10]：发单量跨多个数量级（附件1 目的网点 33~9.9e10），对数尺度稳定
[F] 异常原因_缺失 / 进线渠道_缺失（附件1）| 定义: isna 的 0/1 指示 | 理由: a3_01 [8] 缺失统计 + a3_04 T11：缺失组与非缺失组目标行为存在差异，缺失本身携带信息
[F] 网点万单理赔率_均值（附件1）| 定义: 始发/目的万单理赔率（哨兵清洗后）的行内均值 | 理由: 题面 L63/L66：双端网点理赔率均为风险语境；复合提供单一风险水平概览（行内均值，NaN 感知）
[F] 寄件人id/收件人id/始发城市/目的城市/城市对 _频率（附件1）| 定义: 该取值在附件1 中的出现占比（计数/11167）；附件2 未见取值=0 | 理由: a3_05 [3]：高基数（寄件人 2936 个、收件人 3899 个），不可 one-hot；附件2 冷启动规模 6.27%/8.20%，unseen→0 为确定性回退，不臆造数值
[F] 寄件人id/收件人id _疑似平台号（附件1）| 定义: (==300000) 的 0/1 标记 | 理由: a3_02 [7]：300000 在两表高频（收件人 8.97%/8.95%）且其 ±100 邻域无任何其他取值，判定为系统/平台账号而非自然序取值
[F] 配送超时时长_sl / 妥投到进线时长_sl（附件2）| 定义: sign(x)·ln(1+|x|) | 理由: a3_02 [2]：两时长列重尾（妥投到进线 max≈9.98e8 ms）且配送超时呈负支+427864 硬墙双峰；有符号对数保留方向信息并压缩量纲（通用变换手法，非本题资料）
[F] 配送超时时长_触墙 / _为负（附件2）| 定义: (== 427864) 与 (<0) 的 0/1 标记 | 理由: a3_02 [2] 密度剖面：64.6% 质量堆叠于硬墙 [427500,427864]，16.6% 为负支；截断结构信息需显式暴露给下游
[F] 始发/目的网点发单量_log10（附件2）| 定义: log10(1+x)，x<0 已在 a3_03 哨兵化为 NaN 后取 0 下限 | 理由: a3_01 [10]：发单量跨多个数量级（附件1 目的网点 33~9.9e10），对数尺度稳定
[F] 异常原因_缺失 / 进线渠道_缺失（附件2）| 定义: isna 的 0/1 指示 | 理由: a3_01 [8] 缺失统计 + a3_04 T11：缺失组与非缺失组目标行为存在差异，缺失本身携带信息
[F] 网点万单理赔率_均值（附件2）| 定义: 始发/目的万单理赔率（哨兵清洗后）的行内均值 | 理由: 题面 L63/L66：双端网点理赔率均为风险语境；复合提供单一风险水平概览（行内均值，NaN 感知）
[F] 寄件人id/收件人id/始发城市/目的城市/城市对 _频率（附件2）| 定义: 该取值在附件1 中的出现占比（计数/11167）；附件2 未见取值=0 | 理由: a3_05 [3]：高基数（寄件人 2936 个、收件人 3899 个），不可 one-hot；附件2 冷启动规模 6.27%/8.20%，unseen→0 为确定性回退，不臆造数值
[F] 寄件人id/收件人id _疑似平台号（附件2）| 定义: (==300000) 的 0/1 标记 | 理由: a3_02 [7]：300000 在两表高频（收件人 8.97%/8.95%）且其 ±100 邻域无任何其他取值，判定为系统/平台账号而非自然序取值
[F] 索赔差额（附件1）| 定义: 实际赔付金额 - 索赔金额 | 理由: 题面 L19 定义式（D09 仲裁 D1 口径）；Q1 指定分析对象，附件中无同名物理列（a3_01 [2]）
[F] 赔付索赔比（附件1）| 定义: 实际赔付金额 / 索赔金额 | 理由: a3_04 T4：差额的绝对量纲随索赔额增长，比值提供尺度无关视图（C6 密集程度对比素材）
[F] 相对超额（附件1）| 定义: (索赔金额-实际赔付金额)/索赔金额 | 理由: a3_04 T7：相对超额∈(0,1)（全表差额均为负），密度结构更可分
[F] 实际赔付金额_log10 / 索赔金额_log10（附件1）| 定义: log10 变换 | 理由: a3_04 T1/T2：两金额列右偏（skew≈1.9/2.0），log 空间近线性分布（Q2 目标变换与差额尺度统一的备选输入）
[F] 保价索赔比（附件1+附件2）| 定义: 保价金额 / 索赔金额（保价 NaN→NaN） | 理由: 附注 L83：保价为赔付上限语境；a3_04 T9 证实 86.72% 索赔超保价，该比率暴露保价相对索赔的水平

--- 落盘核验 ---
附件1_clean.csv 最终版: (11167, 52) -> C:\Users\21732\Desktop\2025b论文\agent_workspace_B2\output\tables\附件1_clean.csv
附件2_clean.csv 最终版: (2792, 46) -> C:\Users\21732\Desktop\2025b论文\agent_workspace_B2\output\tables\附件2_clean.csv
硬约束核验：附件2_clean 行数 2792 == 附件2 原始运单数 : PASS
硬约束核验：附件1_clean 行数 11167 == 勘察基准 : PASS
一致性抽核：索赔差额定义式回算最大偏差=9.09e-13（read_csv 浮点回读 1-ulp 噪声，非数据误差）；相对超额∈(0,1)；触墙标记回算一致 : PASS
附件1_clean 衍生列: ['配送超时时长_sl', '妥投到进线时长_sl', '配送超时时长_触墙', '配送超时时长_为负', '始发网点发单量_log10', '目的网点发单量_log10', '异常原因_缺失', '进线渠道_缺失', '网点万单理赔率_均值', '寄件人id_频率', '收件人id_频率', '始发城市_频率', '目的城市_频率', '城市对_频率', '寄件人id_疑似平台号', '收件人id_疑似平台号', '索赔差额', '赔付索赔比', '相对超额', '实际赔付金额_log10', '索赔金额_log10', '保价索赔比']
附件2_clean 衍生列: ['运单号', '配送超时时长_sl', '妥投到进线时长_sl', '配送超时时长_触墙', '配送超时时长_为负', '始发网点发单量_log10', '目的网点发单量_log10', '异常原因_缺失', '进线渠道_缺失', '网点万单理赔率_均值', '寄件人id_频率', '收件人id_频率', '始发城市_频率', '目的城市_频率', '城市对_频率', '寄件人id_疑似平台号', '收件人id_疑似平台号', '保价索赔比']
两表列口径差异：附件1 专有 行ID/实际赔付金额/索赔差额/赔付索赔比/相对超额/两金额_log10；附件2 专有 运单号；其余列两表同名同序同口径。

A3-06 特征工程结束。复现路径：a3_03_清洗.py → a3_06_特征工程.py（依次从 data/ 原始文件重建）。
