====================================================================================================
A3-03 清洗 | pandas 3.0.5 | 种子 20251004（本脚本无随机操作，登记用）
表头行口径（写死）：第1行=中文表头(header=0)，第2行=嵌入英文表头行（数据首行，剥离）
====================================================================================================

--- 附件1 清洗 ---
[R1] 附件1: 剥离嵌入英文表头行 1 行，11168 -> 11167。理由：a3_01 [3] 证实双行表头（中/英）。
[R2] 附件1: 类型规范化完成（float 列 11 个、int 列 9 个、类别列 5 个）；数值强转失败计数=0（a3_02 [0b] 已证为 0）。
[R3] 【附件1.保价金额】规则: 命中谓词的值置 NaN，增设 保价金额_哨兵负值 标记列 | 理由: 值<0（100%落[-1,0)，保价金额按附注L83为申报价值不可能为负） | 影响行数: 862 (7.719%)
[R3] 【附件1.始发网点万单理赔率】规则: 命中谓词的值置 NaN，增设 始发网点万单理赔率_哨兵负值 标记列 | 理由: 值<0（100%落(-1,0)，理赔率按附注L77定义>=0） | 影响行数: 992 (8.883%)
[R3] 【附件1.目的网点万单理赔率】规则: 命中谓词的值置 NaN，增设 目的网点万单理赔率_哨兵负值 标记列 | 理由: 值<0（100%落(-1,0)，理赔率按附注L77定义>=0） | 影响行数: 1239 (11.095%)
[R3] 【附件1.始发网点发单量】规则: 命中谓词的值置 NaN，增设 始发网点发单量_哨兵负值 标记列 | 理由: 值==-1（发单量为计数不可能为-1；a3_02[4]证实仅取-1） | 影响行数: 3 (0.027%)
[R4] 附件1: 异常原因/进线渠道 NaN 原样保留，不插补。理由：异常原因为员工提报字段（附表1 L55），未提报本身是信息；指示列由 a3_06 衍生。影响行数: 异常原因 5432, 进线渠道 94。
[R5] 附件1: 不删任何重复行/异常行（行数保持 11167）。理由：a3_02 [8] 已证附件1 重复为25 组成对行、无主键不可判错；附件2 有唯一运单号且 a3_01 [6] 证无重复。
[R6] 附件1: 无业务主键（a3_01 [6]），增设稳定行键 行ID=1..11167（原行序，供 Q1 标注挂接）。

--- 附件2 清洗 ---
[R1] 附件2: 剥离嵌入英文表头行 1 行，2793 -> 2792。理由：a3_01 [3] 证实双行表头（中/英）。
[R2] 附件2: 类型规范化完成（float 列 10 个、int 列 9 个、类别列 5 个）；数值强转失败计数=0（a3_02 [0b] 已证为 0）。
[R3] 【附件2.保价金额】规则: 命中谓词的值置 NaN，增设 保价金额_哨兵负值 标记列 | 理由: 值<0（100%落[-1,0)，保价金额按附注L83为申报价值不可能为负） | 影响行数: 230 (8.238%)
[R3] 【附件2.始发网点万单理赔率】规则: 命中谓词的值置 NaN，增设 始发网点万单理赔率_哨兵负值 标记列 | 理由: 值<0（100%落(-1,0)，理赔率按附注L77定义>=0） | 影响行数: 264 (9.456%)
[R3] 【附件2.目的网点万单理赔率】规则: 命中谓词的值置 NaN，增设 目的网点万单理赔率_哨兵负值 标记列 | 理由: 值<0（100%落(-1,0)，理赔率按附注L77定义>=0） | 影响行数: 341 (12.213%)
[R3] 【附件2.始发网点发单量】规则: 命中谓词的值置 NaN，增设 始发网点发单量_哨兵负值 标记列 | 理由: 值==-1（发单量为计数不可能为-1；a3_02[4]证实仅取-1） | 影响行数: 2 (0.072%)
[R4] 附件2: 异常原因/进线渠道 NaN 原样保留，不插补。理由：异常原因为员工提报字段（附表1 L55），未提报本身是信息；指示列由 a3_06 衍生。影响行数: 异常原因 1363, 进线渠道 24。
[R5] 附件2: 不删任何重复行/异常行（行数保持 2792）。理由：a3_02 [8] 已证附件1 重复为25 组成对行、无主键不可判错；附件2 有唯一运单号且 a3_01 [6] 证无重复。
[R6] 附件2: 主键=运单号（唯一且严格递增，1..2792），保持原行序。

--- 落盘核验 ---
附件1_clean.csv: 行=11167 列=30  -> C:\Users\21732\Desktop\2025b论文\agent_workspace_B2\output\tables\附件1_clean.csv
附件2_clean.csv: 行=2792 列=29  -> C:\Users\21732\Desktop\2025b论文\agent_workspace_B2\output\tables\附件2_clean.csv
硬约束核验：附件2_clean 行数 2792 == 附件2 原始运单数 2792 : PASS
硬约束核验：附件1_clean 行数 11167 == 勘察基准 11167 : PASS
附件1_clean 列清单: ['行ID', '线路类型', '是否c2c', '是否生鲜妥投及时', '保价金额', '始发城市', '目的城市', '寄件人id', '收件人id', '寄件是否内部', '配送超时时长', '异常原因', '进线渠道', '妥投到进线时长', '索赔金额', '商品类型', '新旧程度', '寄件B/C', '进线人身份', '始发网点发单量', '始发网点万单理赔率', '始发网点赔付比例', '目的网点发单量', '目的网点万单理赔率', '目的网点赔付比例', '实际赔付金额', '保价金额_哨兵负值', '始发网点万单理赔率_哨兵负值', '目的网点万单理赔率_哨兵负值', '始发网点发单量_哨兵负值']
附件2_clean 列清单: ['运单号', '线路类型', '是否c2c', '是否生鲜妥投及时', '保价金额', '始发城市', '目的城市', '寄件人id', '收件人id', '寄件是否内部', '配送超时时长', '异常原因', '进线渠道', '妥投到进线时长', '索赔金额', '商品类型', '新旧程度', '寄件B/C', '进线人身份', '始发网点发单量', '始发网点万单理赔率', '始发网点赔付比例', '目的网点发单量', '目的网点万单理赔率', '目的网点赔付比例', '保价金额_哨兵负值', '始发网点万单理赔率_哨兵负值', '目的网点万单理赔率_哨兵负值', '始发网点发单量_哨兵负值']
两表列口径差异：附件1 多 [实际赔付金额] 与 行ID（无运单号）；附件2 有 运单号；哨兵标记列两表同名同口径（附件1 4 个 / 附件2 4 个）。
回读核验：附件1_clean (11167, 30)，附件2_clean (2792, 29)；回读 dtypes 数值列解析正常=True

A3-03 清洗结束。
