====================================================================================================
A3-02 疑点专项勘察（补全 a3_01 被中断的 [11]-[13] 节） | pandas 3.0.5
中断说明：a3_01_勘察.log 于 [10] 节后截断（392 行），[11][12][13] 未执行；
          a3_01 [1]-[10] 节完整可信（脚本与日志逐节核对一致），本脚本不重跑该部分。
====================================================================================================
[0] 读入复核：附件1 (11167, 25)  附件2 (2792, 25)  Result (2792, 3) （与 a3_01 [3] 节一致）
[0b] 数值列 to_numeric 强转后新增 NaN 总数（=0 说明全部可解析、无脏字符串）: {'附件1': 0, '附件2': 0}

[1] Excel 单元格存储类型采样（openpyxl cell.data_type：s=文本 n=数值），解释 a3_01 [5] 中数值列 dtype=object 的成因
    行1: {'保价金额': ('线路类型', 's'), '配送超时时长': ('异常原因', 's'), '索赔金额': ('索赔金额', 's'), '实际赔付金额': ('实际赔付金额', 's')}
    行2: {'保价金额': ('route_type', 's'), '配送超时时长': ('abnormal_rea', 's'), '索赔金额': ('payment_cont', 's'), '实际赔付金额': ('payment_real', 's')}
    行3: {'保价金额': ('2', 'n'), '配送超时时长': ('Damage', 's'), '索赔金额': ('947.97', 'n'), '实际赔付金额': ('144.51', 'n')}
    行4: {'保价金额': ('2', 'n'), '配送超时时长': ('Damage', 's'), '索赔金额': ('992.87', 'n'), '实际赔付金额': ('135.98', 'n')}
    附件2 运单号列（第1列）前4个数据单元格:
      行3: value=1 data_type=n
      行4: value=2 data_type=n
      行5: value=3 data_type=n
      行6: value=4 data_type=n

[2] 时长列专项
  [附件1.配送超时时长] n=11167 负值=1857(16.629%) 零值=0 min=-291445 max=427864
      负值分位: 0%=-2.914e+05 1%=-2.158e+05 25%=-1.116e+05 50%=-6.464e+04 75%=-3.126e+04 99%=-1154 100%=-128
      最高频8值: 427864.0:1133, 427863.0:453, 427862.0:319, 427861.0:225, 427860.0:195, 427859.0:172, 427858.0:141, 427857.0:133
      >= 400000: 7453 (66.741%)      >= 420000: 7405 (66.311%)      >= 425000: 7367 (65.971%)      >= 427000: 7314 (65.497%)      >= 427800: 5568 (49.861%)
      [420000,428500) 每500单位密度剖面:
        (420000, 420500]       4
        (420500, 421000]       2
        (421000, 421500]       2
        (421500, 422000]       2
        (422000, 422500]       2
        (422500, 423000]       5
        (423000, 423500]       8
        (423500, 424000]       2
        (424000, 424500]       3
        (424500, 425000]       9
        (425000, 425500]       9
        (425500, 426000]       11
        (426000, 426500]       11
        (426500, 427000]       21
        (427000, 427500]       103
        (427500, 428000]       7211
      < 420000 合计: 3762 (33.689%)
  [附件2.配送超时时长] n=2792 负值=466(16.691%) 零值=0 min=-381348 max=427864
      负值分位: 0%=-3.813e+05 1%=-2.217e+05 25%=-1.12e+05 50%=-6.667e+04 75%=-3.004e+04 99%=-956.3 100%=-193
      最高频8值: 427864.0:301, 427863.0:117, 427862.0:71, 427861.0:62, 427860.0:49, 427858.0:33, 427857.0:33, 427856.0:30
      >= 400000: 1850 (66.261%)      >= 420000: 1842 (65.974%)      >= 425000: 1828 (65.473%)      >= 427000: 1819 (65.150%)      >= 427800: 1364 (48.854%)
      [420000,428500) 每500单位密度剖面:
        (420000, 420500]       1
        (420500, 421000]       1
        (421000, 421500]       1
        (421500, 422000]       1
        (422000, 422500]       0
        (422500, 423000]       1
        (423000, 423500]       2
        (423500, 424000]       2
        (424000, 424500]       2
        (424500, 425000]       3
        (425000, 425500]       1
        (425500, 426000]       2
        (426000, 426500]       3
        (426500, 427000]       3
        (427000, 427500]       18
        (427500, 428000]       1801
      < 420000 合计: 950 (34.026%)
  [附件1.妥投到进线时长] n=11167 负值=2840(25.432%) 零值=0 min=-82055 max=9.98223e+08
      负值分位: 0%=-8.206e+04 1%=-8.204e+04 25%=-7.652e+04 50%=-6.165e+04 75%=-3.778e+04 99%=-1341 100%=-127
      >= 8.64e+07: 966 (8.650%)      >= 1e+08: 959 (8.588%)      >= 5e+08: 525 (4.701%)      >= 9e+08: 109 (0.976%)
      非负部分分位: 50%=4.855e+05 75%=1.303e+06 90%=2.101e+08 95%=6.11e+08 99%=9.231e+08
      单位推断证据: max/86400=11553.506 天(若秒) ; max/86400000=11.554 天(若毫秒)
  [附件2.妥投到进线时长] n=2792 负值=735(26.325%) 零值=0 min=-82054 max=9.93e+08
      负值分位: 0%=-8.205e+04 1%=-8.204e+04 25%=-7.478e+04 50%=-5.864e+04 75%=-3.264e+04 99%=-2217 100%=-435
      >= 8.64e+07: 249 (8.918%)      >= 1e+08: 246 (8.811%)      >= 5e+08: 138 (4.943%)      >= 9e+08: 27 (0.967%)
      非负部分分位: 50%=4.61e+05 75%=1.292e+06 90%=2.484e+08 95%=6.38e+08 99%=9.176e+08
      单位推断证据: max/86400=11493.056 天(若秒) ; max/86400000=11.493 天(若毫秒)

[3] 保价金额负值专项（判定哨兵区间）
  [附件1] 负值共 862 (7.719%)
      负值分位: 0%=-1 25%=-0.969 50%=-0.814 75%=-0.527 100%=-0.002
      负值落在 [-1,0) 的计数=862（占负值 100.00%）；==-1 计数=42
      负值最小=-1 是否<-1: 0 个
      正值最小=0 零值计数=2
  [附件2] 负值共 230 (8.238%)
      负值分位: 0%=-1 25%=-0.9093 50%=-0.74 75%=-0.4065 100%=-0.002
      负值落在 [-1,0) 的计数=230（占负值 100.00%）；==-1 计数=6
      负值最小=-1 是否<-1: 0 个
      正值最小=0.014 零值计数=0

[4] 网点统计列负值/边界专项
  [附件1.始发网点发单量] 负值=3 零值=0 ==-1=3 >1=11160 min=-1 max=9.2644e+08 ；负值落[-1,0)=3(100.00%负值) 负值max=-1
  [附件1.目的网点发单量] 负值=0 零值=0 ==-1=0 >1=11167 min=33 max=9.94572e+10
  [附件1.始发网点万单理赔率] 负值=992 零值=0 ==-1=0 >1=9609 min=-0.999879 max=323.714 ；负值落[-1,0)=992(100.00%负值) 负值max=-0.00049552
  [附件1.目的网点万单理赔率] 负值=1239 零值=0 ==-1=0 >1=9252 min=-0.99993 max=269.666 ；负值落[-1,0)=1239(100.00%负值) 负值max=-0.000320569
  [附件1.始发网点赔付比例] 负值=0 零值=0 ==-1=0 >1=0 min=0.336003 max=1
  [附件1.目的网点赔付比例] 负值=0 零值=0 ==-1=0 >1=0 min=0.628232 max=1
  [附件2.始发网点发单量] 负值=2 零值=0 ==-1=2 >1=2790 min=-1 max=7.44e+08 ；负值落[-1,0)=2(100.00%负值) 负值max=-1
  [附件2.目的网点发单量] 负值=0 零值=1 ==-1=0 >1=2791 min=0 max=7.46e+10
  [附件2.始发网点万单理赔率] 负值=264 零值=0 ==-1=0 >1=2392 min=-0.9999 max=323.714 ；负值落[-1,0)=264(100.00%负值) 负值max=-0.01039
  [附件2.目的网点万单理赔率] 负值=341 零值=0 ==-1=0 >1=2315 min=-0.99993 max=234.17 ；负值落[-1,0)=341(100.00%负值) 负值max=-0.00145
  [附件2.始发网点赔付比例] 负值=0 零值=0 ==-1=0 >1=0 min=0.517998 max=1
  [附件2.目的网点赔付比例] 负值=0 零值=0 ==-1=0 >1=0 min=0.628232 max=0.999997

[5] 索赔金额下限/边界专项
  [附件1] ==100 计数=2 (0.018%)  <100 计数=0  0%=100 0.1%=100 1%=100.6 50%=546.3 99%=3832 100%=5499
  [附件2] ==100 计数=1 (0.036%)  <100 计数=0  0%=100 0.1%=100 1%=100.3 50%=543 99%=3693 100%=5425

[6] 实际赔付金额边界专项（仅附件1）
  负值=0 零值=0 min=0.74 max=3171.47
  最高频8值: 13.53:4, 135.76:4, 45.56:4, 45.92:4, 46.81:4, 49.58:4, 37.35:4, 74.85:3

[7] 离散哨兵与疑似平台 ID 专项
  --- 附件1 ---
  [新旧程度] {0: 5745, -1: 4908, 1: 506, 2: 8} （附表1口径为 0/1/2=未知/全新/二手；-1 为表外哨兵）
  [寄件是否内部] {-1: 10332, 1: 779, 0: 56} （附表1口径为 0/1；-1 为表外哨兵）
  [寄件人id] ==300000 计数=33 (0.296%) ；>=299999 计数=33 max=300000
  [收件人id] ==300000 计数=1002 (8.973%) ；>=299999 计数=4484 max=456141
  [寄件人id] [299900,300100] 邻域取值分布: {300000: np.int64(33)}
  [收件人id] [299900,300100] 邻域取值分布: {300000: np.int64(1002)}
  --- 附件2 ---
  [新旧程度] {0: 1399, -1: 1276, 1: 116, 2: 1} （附表1口径为 0/1/2=未知/全新/二手；-1 为表外哨兵）
  [寄件是否内部] {-1: 2579, 1: 193, 0: 20} （附表1口径为 0/1；-1 为表外哨兵）
  [寄件人id] ==300000 计数=9 (0.322%) ；>=299999 计数=9 max=300000
  [收件人id] ==300000 计数=250 (8.954%) ；>=299999 计数=1105 max=456141
  [寄件人id] [299900,300100] 邻域取值分布: {300000: np.int64(9)}
  [收件人id] [299900,300100] 邻域取值分布: {300000: np.int64(250)}

[8] 附件1 完全重复行专项（a3_01 [6] 报 25 行）
  涉重总行数=50（占 0.448%）；重复组数=25；组大小分布={2: np.int64(25)}
  结论（清洗规则输入）：附件1 无运单号主键，重复行无法判定为录入错误或真实同况运单；处理=保留全部行、不删除（避免无依据删数据），仅在本节记录在案。

[9] F1-F7 格式核验回填（事实来自 a3_01 [1]-[7] 节 + 本脚本 [0] 复核）
  F1 (result 文件存在且含 Q2 预测列): PASS —— Result.xlsx 存在，列=['运单号', '实际赔付金额', '风险标注']，其中'实际赔付金额'全空（0/2792 非空）供 Q2 填写
  F2 (Q2 与 Q3 同一 result 文件): PASS —— 同一 Sheet 同时含'实际赔付金额'与'风险标注'两列，'风险标注'全空（0/2792 非空）供 Q3 填写
  F3 (运单号不动): PASS —— a3_01 [7]：Result 运单号与附件2 逐行顺序完全一致且集合相等；本脚本 [0] 复核三表行数不变
  F4 (Q3 取值域): PASS（前置）—— '风险标注'当前全空 NaN，无预填值污染；A6 填入时取值须限于'合理诉求'/'诉求偏高'/'严重超额'（题面 L21，C1）
  F5 (与论文一同提交): 流程性要求，数据侧不可核验，转 A9/A10/G9 落实
  F6 (行口径=附件2 全部运单): PASS —— Result 行数 2792 == 附件2 数据行数 2792（a3_01 [7]）
  F7 (论文固定章节): 论文侧要求，数据侧不可核验，转 A9 落实

[10] 行数结论（清洗基准，硬约束：清洗不得丢运单）
  附件1 数据行（剥离双表头后）= 11167（原始 openpyxl 维 11169 = 中文表头1 + 英文表头1 + 数据11167）
  附件2 数据行（剥离双表头后）= 2792（原始 2794 = 2 表头 + 数据 2792）→ 附件2_clean 必须仍为 2792 行
  Result 数据行 = 2792

A3-02 疑点专项勘察结束。
