====================================================================================================
A3-04 目标关系勘察 | pandas 3.0.5 | scipy 1.18.1
口径声明：索赔差额 = 实际赔付金额 - 索赔金额（题面 L19 定义式；D09 仲裁 D1：'理赔差额'与'索赔差额'同一量，
          附件1 无名为'理赔差额/索赔差额'的物理列，须按定义式衍生——a3_01 [2][4] 列名核查为据）。
====================================================================================================
[0] 读入 附件1_clean.csv (11167, 30)（a3_03 产物）

[T1] 实际赔付金额（Q2 目标变量）分布
  [实际赔付金额] mean=292.2 std=281.8 skew=1.905 nunique=10144
  [实际赔付金额] 0%=0.74 0.1%=1.375 1%=4.83 5%=21.77 10%=39.59 25%=88.83 50%=200.2 75%=408.8 90%=676.3 95%=863.1 99%=1238 99.9%=1858 100%=3171
  [log10(实际赔付金额)] 0%=-0.1308 0.1%=0.1383 1%=0.6839 5%=1.338 10%=1.598 25%=1.949 50%=2.301 75%=2.611 90%=2.83 95%=2.936 99%=3.093 99.9%=3.269 100%=3.501
  事实：log10 空间 P1~P99 为 [0.684, 3.093]，跨度 2.41 个数量级；原空间右偏（skew 见上）。
  原空间分箱计数: {'(0.0, 50.0]': 1491, '(50.0, 100.0]': 1645, '(100.0, 200.0]': 2443, '(200.0, 400.0]': 2718, '(400.0, 800.0]': 2161, '(800.0, 1600.0]': 686, '(1600.0, 3200.0]': 23, '(3200.0, inf]': 0}

[T2] 索赔金额分布
  [索赔金额] mean=806.9 std=804.2 skew=2.042 nunique=10568
  [索赔金额] 0%=100 0.1%=100 1%=100.6 5%=108.5 10%=130 25%=240.4 50%=546.3 75%=1061 90%=1872 95%=2463 99%=3832 99.9%=5232 100%=5499
  分箱计数: {'(0.0, 100.001]': 2, '(100.001, 200.0]': 2292, '(200.0, 400.0]': 2150, '(400.0, 800.0]': 2718, '(800.0, 1600.0]': 2544, '(1600.0, 3200.0]': 1195, '(3200.0, 6400.0]': 266, '(6400.0, inf]': 0}

[T3] 索赔差额 = 实际赔付金额 - 索赔金额（L19 定义式衍生）
  [索赔差额] mean=-514.7 std=617.3 skew=-2.322 nunique=10828
  [索赔差额] 0%=-4464 0.1%=-4000 1%=-2971 5%=-1827 10%=-1265 25%=-687.2 50%=-282.9 75%=-107.5 90%=-55.32 95%=-30.6 99%=-6.896 99.9%=-0.5849 100%=-0.08
  符号结构：差额>0（实际赔付高于索赔）=0 (0.000%)；==0=0 (0.000%)；<0（索赔高于实际赔付，即超额索赔）=11167 (100.000%)
  极值：min=-4464（该单 索赔=5496, 赔付=1032）；max=-0.08（该单 索赔=126.1, 赔付=126）

[T4] 赔付/索赔比（尺度无关视图）
  [赔付/索赔比] mean=0.4148 std=0.2374 skew=0.5248 nunique=11141
  [赔付/索赔比] 0%=0.007397 0.1%=0.01181 1%=0.03319 5%=0.0852 10%=0.1296 25%=0.2277 50%=0.3745 75%=0.5753 90%=0.7731 95%=0.8718 99%=0.9714 99.9%=0.9977 100%=0.9999
  比值 ==1（全额赔付）=0 (0.000%)；>1（赔付超索赔）=0 (0.000%)；<1（赔付低于索赔）=11167 (100.000%)
  比值分箱计数: {'(-inf, 0.1]': 726, '(0.1, 0.3]': 3481, '(0.3, 0.5]': 3254, '(0.5, 0.7]': 2087, '(0.7, 0.9]': 1192, '(0.9, 0.999999999]': 427, '(0.999999999, 1.000000001]': 0, '(1.000000001, inf]': 0}

[T5] 与 实际赔付金额 的相关系数（Pearson / Spearman，两两完备行）
  索赔金额           Pearson=+0.7615 (p=0)  Spearman=+0.8069 (p=0)  n=11167
  保价金额           Pearson=+0.2657 (p=4.6e-166)  Spearman=+0.2925 (p=2e-202)  n=10305
  配送超时时长         Pearson=+0.0090 (p=0.34)  Spearman=+0.0211 (p=0.026)  n=11167
  妥投到进线时长        Pearson=+0.1052 (p=7.6e-29)  Spearman=+0.1288 (p=1.7e-42)  n=11167
  始发网点发单量        Pearson=+0.0762 (p=7.6e-16)  Spearman=-0.0878 (p=1.5e-20)  n=11164
  始发网点万单理赔率      Pearson=+0.1180 (p=6.7e-33)  Spearman=+0.1384 (p=1e-44)  n=10175
  始发网点赔付比例       Pearson=-0.0014 (p=0.88)  Spearman=-0.0015 (p=0.88)  n=11167
  目的网点发单量        Pearson=+0.0334 (p=0.00041)  Spearman=-0.1245 (p=7.9e-40)  n=11167
  目的网点万单理赔率      Pearson=+0.1640 (p=8.4e-61)  Spearman=+0.1863 (p=2.9e-78)  n=9928
  目的网点赔付比例       Pearson=+0.0384 (p=5e-05)  Spearman=+0.0565 (p=2.2e-09)  n=11167
  线路类型           Pearson=-0.0344 (p=0.00028)  Spearman=-0.0345 (p=0.00026)  n=11167
  是否c2c          Pearson=-0.0277 (p=0.0034)  Spearman=-0.0343 (p=0.00029)  n=11167
  是否生鲜妥投及时       Pearson=+0.0003 (p=0.97)  Spearman=-0.0074 (p=0.43)  n=11167
  寄件是否内部         Pearson=+0.0268 (p=0.0047)  Spearman=+0.0176 (p=0.063)  n=11167
  新旧程度           Pearson=+0.0075 (p=0.43)  Spearman=+0.0045 (p=0.63)  n=11167
  始发城市           Pearson=+0.0082 (p=0.39)  Spearman=+0.0104 (p=0.27)  n=11167
  目的城市           Pearson=+0.0308 (p=0.0011)  Spearman=+0.0265 (p=0.005)  n=11167
  寄件人id          Pearson=+0.0201 (p=0.034)  Spearman=+0.0241 (p=0.011)  n=11167
  收件人id          Pearson=+0.0205 (p=0.03)  Spearman=+0.0168 (p=0.077)  n=11167

[T6] 分箱均值（C3/C4 相关原始事实：差额随赔付水平的走向）
                       单数  索赔均值  赔付均值  赔付中位   差额均值   比值均值  相对超额均值  赔付>索赔占比
索赔金额                                                                      
(99.999, 129.986]    1117 110.7 43.91 38.55 -66.75 0.3921  0.6079        0
(129.986, 195.882]   1117 160.9 75.68  70.9 -85.23  0.469   0.531        0
(195.882, 291.446]   1116 241.3 116.2 110.1 -125.1 0.4816  0.5184        0
(291.446, 402.768]   1117 346.3 167.6 160.1 -178.7 0.4839  0.5161        0
(402.768, 546.26]    1117 471.3   217 203.7 -254.3 0.4618  0.5382        0
(546.26, 709.698]    1116 622.4   269 256.2 -353.4 0.4319  0.5681        0
(709.698, 929.22]    1117 818.4 329.8 305.3 -488.6 0.4039  0.5961        0
(929.22, 1236.184]   1116  1070 407.1 376.8 -662.5 0.3819  0.6181        0
(1236.184, 1871.54]  1117  1503 528.3 498.8 -974.8 0.3524  0.6476        0
(1871.54, 5498.77]   1117  2725 767.6 726.9  -1957 0.2895  0.7105        0

[T6b] 按 实际赔付金额 十分位的比值/差额走向（C4 单调性检验素材）
                      单数  赔付中位   差额均值   差额中位   比值均值   比值中位  相对超额中位
实际赔付金额                                                            
(0.739, 39.586]     1117 21.75 -160.5 -108.8 0.1416 0.1269  0.8731
(39.586, 71.998]    1117 55.29 -220.1 -130.3 0.3011 0.2912  0.7088
(71.998, 106.576]   1116 88.83 -253.2   -147 0.4111 0.3726  0.6274
(106.576, 148.462]  1117   127 -313.7 -189.9 0.4443 0.3996  0.6004
(148.462, 200.15]   1117 173.4 -400.7 -276.6 0.4335 0.3889  0.6111
(200.15, 268.612]   1116 232.7 -436.3 -307.3 0.4681 0.4288  0.5712
(268.612, 355.118]  1117 309.1 -530.7   -384 0.4807 0.4393  0.5607
(355.118, 475.4]    1116 408.8 -665.7 -517.1 0.4821 0.4367  0.5633
(475.4, 676.29]     1117 563.6 -848.3 -639.8 0.4939 0.4683  0.5317
(676.29, 3171.47]   1117 863.2  -1317  -1096 0.4917 0.4681  0.5319

[T7] 相对超额 = (索赔金额-实际赔付金额)/索赔金额 的分布（C6 密集程度对比的原始事实）
  [相对超额] mean=0.5852 std=0.2374 skew=-0.5248 nunique=11141
  [相对超额] 0%=8.027e-05 0.1%=0.002264 1%=0.02858 5%=0.1282 10%=0.2269 25%=0.4247 50%=0.6255 75%=0.7723 90%=0.8704 95%=0.9148 99%=0.9668 99.9%=0.9882 100%=0.9926
  相对超额分箱计数: {'(-inf, -0.5]': 0, '(-0.5, -0.2]': 0, '(-0.2, -0.05]': 0, '(-0.05, 0.0]': 0, '(0.0, 1e-09]': 0, '(1e-09, 0.5]': 3706, '(0.5, 0.8]': 5183, '(0.8, 0.95]': 2077, '(0.95, inf]': 201}
  相对超额<=t 的累计占比: t=0.0: 0.00%, t=0.1: 3.82%, t=0.2: 8.43%, t=0.3: 14.50%, t=0.5: 33.19%, t=0.7: 62.33%, t=0.9: 93.50%

[T8] 实际赔付金额(行,十分位) × 相对超额(列,五分位) 单元格占比% —— C3~C6 联合结构原始事实
col_0               (-0.0009197000000000001, 0.371]  (0.371, 0.554]  (0.554, 0.686]  (0.686, 0.802]  (0.802, 0.993]
实际赔付金额                                                                                                             
(0.739, 39.586]                                0.00            0.00            0.51            2.18            7.32
(39.586, 71.998]                               0.16            1.89            2.53            2.29            3.13
(71.998, 106.576]                              2.15            1.90            1.83            1.79            2.33
(106.576, 148.462]                             2.60            1.89            1.68            1.82            2.01
(148.462, 200.15]                              2.20            1.88            2.14            1.92            1.86
(200.15, 268.612]                              2.56            2.24            2.04            2.18            0.98
(268.612, 355.118]                             2.70            2.20            2.21            2.01            0.87
(355.118, 475.4]                               2.53            2.31            2.61            1.75            0.80
(475.4, 676.29]                                2.66            2.72            2.12            1.97            0.53
(676.29, 3171.47]                              2.44            2.96            2.32            2.10            0.19
  （读法：若超额索赔运单集中于低赔付×高相对超额格、且同类格内相对超额取值窄，即对应题面'赔付越高需更高差额才判偏高/超额'与'同类差额应尽可能接近/密集程度有别'的数据基础——此处仅给占比矩阵，不设任何标注边界。）

[T9] 保价金额与索赔/赔付的关系（附注 L83：保价为赔付上限语境）
  有效保价行数=10305（哨兵剔除后，a3_03 R3）
  索赔金额 > 保价金额 的行数=8937 (86.72% of 有效保价行)
  实际赔付 > 保价金额 的行数=6886 (66.82% of 有效保价行) —— 超上限赔付的事实规模
  保价金额 与 实际赔付金额：Pearson=+0.2657 Spearman=+0.2925
  保价金额 与 索赔金额：Pearson=+0.1677 Spearman=+0.2189

[T10] 类别列分组的 目标均值/相对超额均值（原始分组事实，不做检验结论）
  --- 异常原因（6 类；按单数取前 6）---
                   单数  赔付均值  赔付中位  相对超额中位
异常原因                                     
Damage           2386 333.4 242.4  0.5995
Pickup Error     1953 305.7 212.2  0.6308
Suspected Lost   1384 271.6 183.7  0.6285
Shipping Error      6 243.3 203.7  0.3938
Handover Error      4 144.3 71.78   0.433
Dangerous Goods     2 213.2 213.2  0.3097
  --- 线路类型（7 类；按单数取前 7）---
        单数  赔付均值  赔付中位  相对超额中位
线路类型                          
2     9498   298 207.6  0.6267
3      634 270.7 171.8  0.6048
5      633 255.3 167.9  0.6285
1      336 250.4 177.1  0.6301
6       36 216.4 120.8  0.5876
4       18 322.8 241.3   0.589
7       12 184.3 89.69  0.6229
  --- 是否c2c（2 类；按单数取前 2）---
         单数  赔付均值  赔付中位  相对超额中位
是否c2c                          
0      8344 296.8 206.3   0.626
1      2823 278.8 187.2  0.6232
  --- 新旧程度（4 类；按单数取前 4）---
        单数  赔付均值  赔付中位  相对超额中位
新旧程度                          
 0    5745 294.2 197.9  0.6298
-1    4908 289.7   201  0.6237
 1     506 295.9 218.8  0.5915
 2       8 240.3 177.2  0.6897
  --- 寄件B/C（4 类；按单数取前 4）---
             单数  赔付均值  赔付中位  相对超额中位
寄件B/C                              
B          5367 303.5   211  0.6249
C          4579 278.3 188.3  0.6293
Not Known  1083 297.5 215.8  0.6113
Staff       138 277.5 183.5  0.6551
  --- 进线人身份（4 类；按单数取前 4）---
             单数  赔付均值  赔付中位  相对超额中位
进线人身份                              
Consigner  6983 293.5 202.3   0.629
Receiver   2808 289.6 195.3  0.6253
Unknown    1183 291.9 200.2  0.6117
Staff       193 287.8 204.3  0.6006
  --- 商品类型（16 类；按单数取前 8）---
                       单数  赔付均值  赔付中位  相对超额中位
商品类型                                         
Miscellaneous Goods  2734 309.1 217.3  0.6445
Dried Groceries      1158 302.1 209.3  0.6268
Hardware             1093 311.9 218.4  0.5421
Jewelry               708 256.7 161.8  0.6551
Pharmaceuticals       696 288.6 216.7  0.6009
Furniture             572 293.1 205.9  0.6362
Alcohol               542 279.9 177.9  0.6514
Household Goods       527 292.3 174.4  0.6414

[T11] 缺失指示与目标的关系（'缺失即信息'的证据尺度，仅分组均值）
  异常原因: 缺失组 n=5432 相对超额中位=0.6322；非缺失组 n=5735 相对超额中位=0.6159；赔付中位 缺失组=185.3 vs 非缺失组=217.7
  进线渠道: 缺失组 n=94 相对超额中位=0.5882；非缺失组 n=11073 相对超额中位=0.6256；赔付中位 缺失组=272.1 vs 非缺失组=199.7

A3-04 目标关系勘察结束。事实编号 T1~T11。
