====================================================================================================
A3-07 假设核验补充勘察 | pandas 3.0.5
====================================================================================================

[U3] 行序漂移检验（附表1 无绝对时间字段（列名字典 §2），以行序为唯一可用顺序代理）
  附件1 行序十分位块：
     单数  赔付中位  索赔中位  相对超额中位  配送超时触墙率  异常原因缺失率
0  1117 177.5 488.7  0.6357   0.1038   0.5013
1  1117 187.7 519.6  0.6257  0.09669   0.4816
2  1116 197.7 561.9  0.6344   0.1084   0.4892
3  1117 216.5 543.4  0.6222  0.09937   0.4951
4  1117 219.5 589.2  0.6254   0.1065    0.462
5  1116 205.6 557.1  0.6114  0.09857   0.4713
6  1117 191.6 540.4  0.6256  0.09937   0.4915
7  1116 202.3 556.1  0.6301  0.09498   0.4884
8  1117 207.9 547.9  0.6274   0.1119    0.496
9  1117 208.4 550.1  0.6122   0.0949   0.4879
  首块 vs 末块：赔付中位 177.5 vs 208.4（差 +17.37%）；相对超额中位 0.6357 vs 0.6122
  附件2 行序四分位块：
    单数  索赔中位  保价中位  配送超时触墙率  异常原因缺失率
0  698 542.6 107.7    0.116   0.5172
1  698 581.8 113.4   0.1003    0.467
2  698 506.3 111.1   0.1146   0.4957
3  698   546 99.34   0.1003   0.4728
  附件1 赔付金额按行序十块的 Kruskal-Wallis：H=21.92 p=0.009149
  附件1 相对超额按行序十块的 Kruskal-Wallis：H=7.043 p=0.6327

[U4] 附件1 25 组完全重复行的行号跨度（重复机制旁证）
  涉重行数=50 成对组数=25（应与 a3_02 [8] 的 25 组一致）
  行号跨度（组内两行距离）分布: {95: 1, 126: 1, 558: 1, 646: 1, 1008: 1, 1329: 1, 1428: 1, 1544: 1, 1599: 1, 1660: 1, 1718: 1, 1948: 1, 2520: 1, 3481: 1, 3489: 1, 3817: 1, 3955: 1, 4000: 1, 4764: 1, 5623: 1, 6611: 1, 7629: 1, 7888: 1, 8800: 1, 10693: 1}
  跨度=1（物理相邻）组数=0；跨度中位=2520；最大跨度=10693

A3-07 假设核验补充勘察结束。事实编号 U3（行序漂移）、U4（重复行间隔）。
