====================================================================================================
A3-05 附件1 vs 附件2 漂移对比 | pandas 3.0.5
====================================================================================================
[0] 附件1_clean (11167, 30)；附件2_clean (2792, 29)

[1] 类别列比例漂移（占比差 = 附件2 占比 - 附件1 占比，百分点）
  --- 线路类型 --- 总变差距离 TVD=0.906pp
    2                                        附件1=  85.054%  附件2=  85.817%  差= +0.762pp
    5                                        附件1=   5.668%  附件2=   5.623%  差= -0.045pp
    3                                        附件1=   5.677%  附件2=   4.943%  差= -0.735pp
    1                                        附件1=   3.009%  附件2=   2.973%  差= -0.036pp
    6                                        附件1=   0.322%  附件2=   0.251%  差= -0.072pp
    7                                        附件1=   0.107%  附件2=   0.251%  差= +0.143pp
    4                                        附件1=   0.161%  附件2=   0.143%  差= -0.018pp
  --- 是否c2c --- 总变差距离 TVD=0.459pp
    0                                        附件1=  74.720%  附件2=  75.179%  差= +0.459pp
    1                                        附件1=  25.280%  附件2=  24.821%  差= -0.459pp
  --- 是否生鲜妥投及时 --- 总变差距离 TVD=0.752pp
    0                                        附件1=  94.269%  附件2=  93.517%  差= -0.752pp
    1                                        附件1=   5.731%  附件2=   6.483%  差= +0.752pp
  --- 寄件是否内部 --- 总变差距离 TVD=0.215pp
    -1                                       附件1=  92.523%  附件2=  92.371%  差= -0.152pp
    1                                        附件1=   6.976%  附件2=   6.913%  差= -0.063pp
    0                                        附件1=   0.501%  附件2=   0.716%  差= +0.215pp
  --- 异常原因 --- 总变差距离 TVD=0.202pp
    仅附件1 有的类别: ['Dangerous Goods']（附件2 未见，占比合计 0.018%）
    Damage                                   附件1=  21.367%  附件2=  21.311%  差= -0.056pp
    Pickup Error                             附件1=  17.489%  附件2=  17.586%  差= +0.097pp
    Suspected Lost                           附件1=  12.394%  附件2=  12.178%  差= -0.216pp
    Shipping Error                           附件1=   0.054%  附件2=   0.072%  差= +0.018pp
    Handover Error                           附件1=   0.036%  附件2=   0.036%  差= -0.000pp
    Dangerous Goods                          附件1=   0.018%  附件2=   0.000%  差= -0.018pp
    __NaN__                                  附件1=   0.000%  附件2=   0.000%  差= +0.000pp
  --- 进线渠道 --- 总变差距离 TVD=0.513pp
    Call                                     附件1=  60.625%  附件2=  60.638%  差= +0.012pp
    Internal Software                        附件1=  24.125%  附件2=  23.603%  差= -0.522pp
    Vendor Consultation                      附件1=   8.534%  附件2=   8.632%  差= +0.098pp
    Mini Program                             附件1=   4.477%  附件2=   4.585%  差= +0.107pp
    Complaint                                附件1=   1.388%  附件2=   1.648%  差= +0.260pp
    Merchant Compensation Claim              附件1=   0.009%  附件2=   0.036%  差= +0.027pp
    __NaN__                                  附件1=   0.000%  附件2=   0.000%  差= +0.000pp
  --- 商品类型 --- 总变差距离 TVD=3.023pp
    Miscellaneous Goods                      附件1=  24.483%  附件2=  24.212%  差= -0.271pp
    Dried Groceries                          附件1=  10.370%  附件2=   9.491%  差= -0.878pp
    Hardware                                 附件1=   9.788%  附件2=   9.850%  差= +0.062pp
    Jewelry                                  附件1=   6.340%  附件2=   6.447%  差= +0.107pp
    Pharmaceuticals                          附件1=   6.233%  附件2=   5.946%  差= -0.287pp
    Furniture                                附件1=   5.122%  附件2=   5.766%  差= +0.644pp
    Alcohol                                  附件1=   4.854%  附件2=   5.158%  差= +0.304pp
    Household Goods                          附件1=   4.719%  附件2=   4.262%  差= -0.457pp
    （其余 8 类合计          附件1=  28.092%  附件2=  28.868%  差= +0.776pp）
  --- 新旧程度 --- 总变差距离 TVD=1.751pp
    0                                        附件1=  51.446%  附件2=  50.107%  差= -1.339pp
    -1                                       附件1=  43.951%  附件2=  45.702%  差= +1.751pp
    1                                        附件1=   4.531%  附件2=   4.155%  差= -0.376pp
    2                                        附件1=   0.072%  附件2=   0.036%  差= -0.036pp
  --- 寄件B/C --- 总变差距离 TVD=0.998pp
    B                                        附件1=  48.061%  附件2=  48.639%  差= +0.578pp
    C                                        附件1=  41.005%  附件2=  40.007%  差= -0.998pp
    Not Known                                附件1=   9.698%  附件2=  10.029%  差= +0.330pp
    Staff                                    附件1=   1.236%  附件2=   1.325%  差= +0.089pp
  --- 进线人身份 --- 总变差距离 TVD=0.620pp
    Consigner                                附件1=  62.532%  附件2=  62.715%  差= +0.182pp
    Receiver                                 附件1=  25.146%  附件2=  24.570%  差= -0.575pp
    Unknown                                  附件1=  10.594%  附件2=  11.032%  差= +0.438pp
    Staff                                    附件1=   1.728%  附件2=   1.683%  差= -0.045pp

[2] 数值列两样本 KS 检验与分位差（scipy.stats.ks_2samp；仅描述差异规模）
  列                  KS统计量          p值       附件1中位       附件2中位      中位差%
  保价金额              0.0167        0.61       103.8       107.1    +3.22%
      P1/P25/P75/P99  附件1=[0.283, 24.877, 289.345, 1485.927]  附件2=[0.3776, 25.5415, 303.6522, 1429.0799]
  配送超时时长            0.0122        0.89   4.278e+05   4.278e+05    -0.00%
      P1/P25/P75/P99  附件1=[-187396.7, 71227.5, 427856.0, 427864.0]  附件2=[-188343.32, 62997.75, 427856.0, 427864.0]
  妥投到进线时长           0.0171        0.53     2.4e+05   2.334e+05    -2.76%
      P1/P25/P75/P99  附件1=[-81915.68, -2656.0, 904062.5, 894595551.5]  附件2=[-81928.0, -9553.25, 881441.25, 897090000.0]
  索赔金额              0.0183        0.43       546.3         543    -0.61%
      P1/P25/P75/P99  附件1=[100.5866, 240.38, 1061.26, 3832.2888]  附件2=[100.2773, 236.45, 1043.505, 3692.5297]
  始发网点发单量           0.0186        0.42   2.106e+05   2.083e+05    -1.09%
      P1/P25/P75/P99  附件1=[251.0, 52710.5, 593564.5, 98626311.28]  附件2=[216.46, 48455.25, 600702.75, 76088160.75]
  始发网点万单理赔率         0.0154        0.72       20.41       20.85    +2.16%
      P1/P25/P75/P99  附件1=[0.1815, 6.7158, 46.3084, 176.3647]  附件2=[0.1728, 7.0297, 48.3695, 188.1203]
  始发网点赔付比例          0.0279        0.06      0.9828      0.9838    +0.10%
      P1/P25/P75/P99  附件1=[0.7655, 0.9609, 0.9944, 1.0]  附件2=[0.747, 0.96, 0.9953, 1.0]
  目的网点发单量           0.0184        0.43   3.464e+05   3.619e+05    +4.49%
      P1/P25/P75/P99  附件1=[3391.16, 131202.5, 757978.0, 5808989518.9]  附件2=[2564.52, 136611.75, 768635.25, 4694500000.0]
  目的网点万单理赔率         0.0326        0.03       17.32       18.47    +6.68%
      P1/P25/P75/P99  附件1=[0.1447, 5.5618, 40.255, 154.5671]  附件2=[0.2047, 6.2177, 42.763, 161.3418]
  目的网点赔付比例          0.0127        0.86      0.9773       0.977    -0.03%
      P1/P25/P75/P99  附件1=[0.8055, 0.9501, 0.9923, 0.9999]  附件2=[0.8242, 0.9491, 0.9922, 0.9999]

[3] 高基数 ID/城市 覆盖关系（附件2 相对附件1 的未见规模——编码与泛化依据）
  线路类型: 附件1 取值数=7  附件2 取值数=7  附件2 未见取值数=0  涉及附件2 行数=0 (0.00%)
  始发城市: 附件1 取值数=304  附件2 取值数=265  附件2 未见取值数=0  涉及附件2 行数=0 (0.00%)
  目的城市: 附件1 取值数=320  附件2 取值数=284  附件2 未见取值数=2  涉及附件2 行数=2 (0.07%)
      未见取值明细: {72: np.int64(1), 260: np.int64(1)}
  寄件人id: 附件1 取值数=2936  附件2 取值数=1486  附件2 未见取值数=132  涉及附件2 行数=175 (6.27%)
  收件人id: 附件1 取值数=3899  附件2 取值数=1913  附件2 未见取值数=177  涉及附件2 行数=229 (8.20%)
  寄件人与收件人 id 均未见的附件2 行数=30 (1.07%)

[4] 高频 ID 跨表一致性（top5 寄件人/收件人）
  寄件人id 附件1 top5: {227346: np.int64(971), 183889: np.int64(659), 14084: np.int64(135), 15877: np.int64(122), 193650: np.int64(85)}
  寄件人id 附件2 top5: {227346: np.int64(258), 183889: np.int64(143), 15877: np.int64(40), 14084: np.int64(28), 193886: np.int64(19)}
    top5 交集: [14084, 15877, 183889, 227346]
  收件人id 附件1 top5: {300000: np.int64(1002), 212899: np.int64(36), 102098: np.int64(32), 322725: np.int64(26), 453758: np.int64(26)}
  收件人id 附件2 top5: {300000: np.int64(250), 212899: np.int64(9), 102098: np.int64(8), 453758: np.int64(7), 15885: np.int64(7)}
    top5 交集: [102098, 212899, 300000, 453758]

A3-05 对比漂移结束。
