====================================================================================================
A3-01 结构勘察  |  pandas 3.0.5  numpy 2.5.3
====================================================================================================

[1] 原始文件形态（header=None 原样读入）
  附件1: sheet=['sheet1']  openpyxl_dim=(11169, 25)
  附件2: sheet=['Sheet1']  openpyxl_dim=(2794, 25)
  Result: sheet=['Sheet1']  openpyxl_dim=(2793, 3)

[2] 双行表头核验：第0行中文 vs 第1行英文
  附件1 中文表头: ['线路类型', '是否c2c', '是否生鲜妥投及时', '保价金额', '始发城市', '目的城市', '寄件人id', '收件人id', '寄件是否内部', '配送超时时长', '异常原因', '进线渠道', '妥投到进线时长', '索赔金额', '商品类型', '新旧程度', '寄件B/C', '进线人身份', '始发网点发单量', '始发网点万单理赔率', '始发网点赔付比例', '目的网点发单量', '目的网点万单理赔率', '目的网点赔付比例', '实际赔付金额']
  附件1 英文表头: ['route_type', 'is_customer_to_customer', 'is_fresh_and_delv_promise', 'waybill_price_protect_money', 'start_city_id', 'end_city_id', 'consigner_id', 'receiver_id', 'is_staff', 'plan_delv_to_real_delv_diff', 'abnormal_reason', 'source', 'real_delv_to_case_create_diff', 'payment_contract_money', 'goods_category', 'goods_level', 'bc_source', 'customer_role', 'start_node_waybill_num', 'start_node_accident_rate', 'start_node_real_claim_num_ratio', 'end_node_waybill_num', 'end_node_accident_rate', 'end_node_real_claim_num_ratio', 'payment_real_money']
  附件2 中文表头: ['运单号', '线路类型', '是否c2c', '是否生鲜妥投及时', '保价金额', '始发城市', '目的城市', '寄件人id', '收件人id', '寄件是否内部', '配送超时时长', '异常原因', '进线渠道', '妥投到进线时长', '索赔金额', '商品类型', '新旧程度', '寄件B/C', '进线人身份', '始发网点发单量', '始发网点万单理赔率', '始发网点赔付比例', '目的网点发单量', '目的网点万单理赔率', '目的网点赔付比例']
  附件2 英文表头: ['ID', 'route_type', 'is_customer_to_customer', 'is_fresh_and_delv_promise', 'waybill_price_protect_money', 'start_city_id', 'end_city_id', 'consigner_id', 'receiver_id', 'is_staff', 'plan_delv_to_real_delv_diff', 'abnormal_reason', 'source', 'real_delv_to_case_create_diff', 'payment_contract_money', 'goods_category', 'goods_level', 'bc_source', 'customer_role', 'start_node_waybill_num', 'start_node_accident_rate', 'start_node_real_claim_num_ratio', 'end_node_waybill_num', 'end_node_accident_rate', 'end_node_real_claim_num_ratio']
  Result 中文表头: ['运单号', '实际赔付金额', '风险标注']
  附件1/附件2 共有24列（除运单号/实际赔付金额差异）中文表头完全一致: True
  附件2 英文表头首列: ID ；附件1 是否含'运单号'列: False
  附件1 是否含'实际赔付金额'列: True ；附件2 是否含'实际赔付金额'列: False ；附件2 是否含'索赔金额'列: True
  重复列名检查：附件1 0 个重复；附件2 0 个重复；Result 0 个重复
  'Unnamed'无名列检查：附件1 0 ；附件2 0 ；Result 0

[3] 以第0行为表头读入后的嵌入行检查
  读入形状 附件1 (11168, 25)  附件2 (2793, 25)  Result (2792, 3)
  附件1 第一个数据行 == 英文表头行（嵌入表头行）: True
  附件2 第一个数据行 == 英文表头行（嵌入表头行）: True
  剥离英文行后 附件1 (11167, 25)  附件2 (2792, 25)  Result (2792, 3)
  全空行统计：附件1 0 ；附件2 0 ；Result 0

[4] 中文列名（数据实际列）与英文列名一一配对（自附件第1行）
  附件1: 线路类型 = route_type
  附件1: 是否c2c = is_customer_to_customer
  附件1: 是否生鲜妥投及时 = is_fresh_and_delv_promise
  附件1: 保价金额 = waybill_price_protect_money
  附件1: 始发城市 = start_city_id
  附件1: 目的城市 = end_city_id
  附件1: 寄件人id = consigner_id
  附件1: 收件人id = receiver_id
  附件1: 寄件是否内部 = is_staff
  附件1: 配送超时时长 = plan_delv_to_real_delv_diff
  附件1: 异常原因 = abnormal_reason
  附件1: 进线渠道 = source
  附件1: 妥投到进线时长 = real_delv_to_case_create_diff
  附件1: 索赔金额 = payment_contract_money
  附件1: 商品类型 = goods_category
  附件1: 新旧程度 = goods_level
  附件1: 寄件B/C = bc_source
  附件1: 进线人身份 = customer_role
  附件1: 始发网点发单量 = start_node_waybill_num
  附件1: 始发网点万单理赔率 = start_node_accident_rate
  附件1: 始发网点赔付比例 = start_node_real_claim_num_ratio
  附件1: 目的网点发单量 = end_node_waybill_num
  附件1: 目的网点万单理赔率 = end_node_accident_rate
  附件1: 目的网点赔付比例 = end_node_real_claim_num_ratio
  附件1: 实际赔付金额 = payment_real_money
  附件2: 运单号 = ID
  附件2: 线路类型 = route_type
  附件2: 是否c2c = is_customer_to_customer
  附件2: 是否生鲜妥投及时 = is_fresh_and_delv_promise
  附件2: 保价金额 = waybill_price_protect_money
  附件2: 始发城市 = start_city_id
  附件2: 目的城市 = end_city_id
  附件2: 寄件人id = consigner_id
  附件2: 收件人id = receiver_id
  附件2: 寄件是否内部 = is_staff
  附件2: 配送超时时长 = plan_delv_to_real_delv_diff
  附件2: 异常原因 = abnormal_reason
  附件2: 进线渠道 = source
  附件2: 妥投到进线时长 = real_delv_to_case_create_diff
  附件2: 索赔金额 = payment_contract_money
  附件2: 商品类型 = goods_category
  附件2: 新旧程度 = goods_level
  附件2: 寄件B/C = bc_source
  附件2: 进线人身份 = customer_role
  附件2: 始发网点发单量 = start_node_waybill_num
  附件2: 始发网点万单理赔率 = start_node_accident_rate
  附件2: 始发网点赔付比例 = start_node_real_claim_num_ratio
  附件2: 目的网点发单量 = end_node_waybill_num
  附件2: 目的网点万单理赔率 = end_node_accident_rate
  附件2: 目的网点赔付比例 = end_node_real_claim_num_ratio

[5] dtype（剥离英文行后，pandas 自动推断）
  附件1 dtypes:
线路类型         object
是否c2c        object
是否生鲜妥投及时     object
保价金额         object
始发城市         object
目的城市         object
寄件人id        object
收件人id        object
寄件是否内部       object
配送超时时长       object
异常原因            str
进线渠道            str
妥投到进线时长      object
索赔金额         object
商品类型            str
新旧程度         object
寄件B/C           str
进线人身份           str
始发网点发单量      object
始发网点万单理赔率    object
始发网点赔付比例     object
目的网点发单量      object
目的网点万单理赔率    object
目的网点赔付比例     object
实际赔付金额       object
  附件2 dtypes:
运单号          object
线路类型         object
是否c2c        object
是否生鲜妥投及时     object
保价金额         object
始发城市         object
目的城市         object
寄件人id        object
收件人id        object
寄件是否内部       object
配送超时时长       object
异常原因            str
进线渠道            str
妥投到进线时长      object
索赔金额         object
商品类型            str
新旧程度         object
寄件B/C           str
进线人身份           str
始发网点发单量      object
始发网点万单理赔率    object
始发网点赔付比例     object
目的网点发单量      object
目的网点万单理赔率    object
目的网点赔付比例     object
  Result dtypes:
运单号         int64
实际赔付金额    float64
风险标注      float64

[6] 主键判定
  附件1 是否存在'运单号'列: False → 附件1 无业务主键列，以行序为准
  附件1 完全重复行数: 25
  附件2 运单号: nunique= 2792 / 行数= 2792 ；唯一: True
  附件2 运单号 dtype: object ；min= 1  max= 2792
  附件2 运单号是否严格递增（行序=ID序）: True
  Result 运单号: nunique= 2792 / 行数= 2792 ；唯一: True ；严格递增: True

[7] Result.xlsx ↔ 附件2 运单号对应关系（F3/F6 核验）
  行数: 附件2= 2792  Result= 2792
  集合相等: True ；逐行顺序完全一致: True
  Result 缺失的附件2运单号个数: 0 ；Result 多出的运单号个数: 0
  Result['实际赔付金额'] 非空个数: 0 ；Result['风险标注'] 非空个数: 0
  Result['风险标注'] 非空取值样例: []

[8] 缺失统计（剥离英文行后）
  --- 附件1 ---
    异常原因: 5432 (48.643%)
    进线渠道: 94 (0.842%)
    无缺失列: ['线路类型', '是否c2c', '是否生鲜妥投及时', '保价金额', '始发城市', '目的城市', '寄件人id', '收件人id', '寄件是否内部', '配送超时时长', '妥投到进线时长', '索赔金额', '商品类型', '新旧程度', '寄件B/C', '进线人身份', '始发网点发单量', '始发网点万单理赔率', '始发网点赔付比例', '目的网点发单量', '目的网点万单理赔率', '目的网点赔付比例', '实际赔付金额']
  --- 附件2 ---
    异常原因: 1363 (48.818%)
    进线渠道: 24 (0.860%)
    无缺失列: ['运单号', '线路类型', '是否c2c', '是否生鲜妥投及时', '保价金额', '始发城市', '目的城市', '寄件人id', '收件人id', '寄件是否内部', '配送超时时长', '妥投到进线时长', '索赔金额', '商品类型', '新旧程度', '寄件B/C', '进线人身份', '始发网点发单量', '始发网点万单理赔率', '始发网点赔付比例', '目的网点发单量', '目的网点万单理赔率', '目的网点赔付比例']
  --- Result ---
    实际赔付金额: 2792 (100.000%)
    风险标注: 2792 (100.000%)
    无缺失列: ['运单号']

[9] 类别/枚举列取值域（value_counts，含缺失）
  ===== 附件1 =====
  [线路类型] nunique=7
      2: 9498 (85.054%)
      3: 634 (5.677%)
      5: 633 (5.668%)
      1: 336 (3.009%)
      6: 36 (0.322%)
      4: 18 (0.161%)
      7: 12 (0.107%)
  [是否c2c] nunique=2
      0: 8344 (74.720%)
      1: 2823 (25.280%)
  [是否生鲜妥投及时] nunique=2
      0: 10527 (94.269%)
      1: 640 (5.731%)
  [寄件是否内部] nunique=3
      -1: 10332 (92.523%)
      1: 779 (6.976%)
      0: 56 (0.501%)
  [异常原因] nunique=6
      nan: 5432 (48.643%)
      'Damage': 2386 (21.367%)
      'Pickup Error': 1953 (17.489%)
      'Suspected Lost': 1384 (12.394%)
      'Shipping Error': 6 (0.054%)
      'Handover Error': 4 (0.036%)
      'Dangerous Goods': 2 (0.018%)
  [进线渠道] nunique=6
      'Call': 6770 (60.625%)
      'Internal Software': 2694 (24.125%)
      'Vendor Consultation': 953 (8.534%)
      'Mini Program': 500 (4.477%)
      'Complaint': 155 (1.388%)
      nan: 94 (0.842%)
      'Merchant Compensation Claim': 1 (0.009%)
  [商品类型] nunique=16
      'Miscellaneous Goods': 2734 (24.483%)
      'Dried Groceries': 1158 (10.370%)
      'Hardware': 1093 (9.788%)
      'Jewelry': 708 (6.340%)
      'Pharmaceuticals': 696 (6.233%)
      'Furniture': 572 (5.122%)
      'Alcohol': 542 (4.854%)
      'Household Goods': 527 (4.719%)
      'Appliances': 470 (4.209%)
      'Beauty & Daily Essentials': 423 (3.788%)
      'Fresh': 390 (3.492%)
      'Documents & Bills': 389 (3.483%)
      'Maternity & Baby Products': 379 (3.394%)
      'Home Improvement and Building Material': 375 (3.358%)
      'Electronic Product': 364 (3.260%)
      'Apparel, Footwear & Accessories': 347 (3.107%)
  [新旧程度] nunique=4
      0: 5745 (51.446%)
      -1: 4908 (43.951%)
      1: 506 (4.531%)
      2: 8 (0.072%)
  [寄件B/C] nunique=4
      'B': 5367 (48.061%)
      'C': 4579 (41.005%)
      'Not Known': 1083 (9.698%)
      'Staff': 138 (1.236%)
  [进线人身份] nunique=4
      'Consigner': 6983 (62.532%)
      'Receiver': 2808 (25.146%)
      'Unknown': 1183 (10.594%)
      'Staff': 193 (1.728%)
  ===== 附件2 =====
  [线路类型] nunique=7
      2: 2396 (85.817%)
      5: 157 (5.623%)
      3: 138 (4.943%)
      1: 83 (2.973%)
      6: 7 (0.251%)
      7: 7 (0.251%)
      4: 4 (0.143%)
  [是否c2c] nunique=2
      0: 2099 (75.179%)
      1: 693 (24.821%)
  [是否生鲜妥投及时] nunique=2
      0: 2611 (93.517%)
      1: 181 (6.483%)
  [寄件是否内部] nunique=3
      -1: 2579 (92.371%)
      1: 193 (6.913%)
      0: 20 (0.716%)
  [异常原因] nunique=5
      nan: 1363 (48.818%)
      'Damage': 595 (21.311%)
      'Pickup Error': 491 (17.586%)
      'Suspected Lost': 340 (12.178%)
      'Shipping Error': 2 (0.072%)
      'Handover Error': 1 (0.036%)
  [进线渠道] nunique=6
      'Call': 1693 (60.638%)
      'Internal Software': 659 (23.603%)
      'Vendor Consultation': 241 (8.632%)
      'Mini Program': 128 (4.585%)
      'Complaint': 46 (1.648%)
      nan: 24 (0.860%)
      'Merchant Compensation Claim': 1 (0.036%)
  [商品类型] nunique=16
      'Miscellaneous Goods': 676 (24.212%)
      'Hardware': 275 (9.850%)
      'Dried Groceries': 265 (9.491%)
      'Jewelry': 180 (6.447%)
      'Pharmaceuticals': 166 (5.946%)
      'Furniture': 161 (5.766%)
      'Alcohol': 144 (5.158%)
      'Household Goods': 119 (4.262%)
      'Electronic Product': 111 (3.976%)
      'Home Improvement and Building Material': 109 (3.904%)
      'Appliances': 106 (3.797%)
      'Apparel, Footwear & Accessories': 102 (3.653%)
      'Fresh': 99 (3.546%)
      'Beauty & Daily Essentials': 97 (3.474%)
      'Maternity & Baby Products': 96 (3.438%)
      'Documents & Bills': 86 (3.080%)
  [新旧程度] nunique=4
      0: 1399 (50.107%)
      -1: 1276 (45.702%)
      1: 116 (4.155%)
      2: 1 (0.036%)
  [寄件B/C] nunique=4
      'B': 1358 (48.639%)
      'C': 1117 (40.007%)
      'Not Known': 280 (10.029%)
      'Staff': 37 (1.325%)
  [进线人身份] nunique=4
      'Consigner': 1751 (62.715%)
      'Receiver': 686 (24.570%)
      'Unknown': 308 (11.032%)
      'Staff': 47 (1.683%)

[10] 数值列描述统计与高频值（魔法值/哨兵值扫描）
  ===== 附件1 =====
  [保价金额] dtype=object nan=0
      0%=-1 0.1%=-1 1%=-0.993 5%=-0.664 25%=14.56 50%=83.63 75%=266.2 95%=843.7 99%=1442 99.9%=2275 100%=3213
      top5高频值: -1:42, -0.999:19, -0.998:14, -0.995:11, -0.988:10
  [始发城市] dtype=object nan=0
      0%=0 0.1%=0 1%=0 5%=1 25%=38 50%=127 75%=187 95%=271 99%=320 99.9%=366 100%=366
      top5高频值: 0:381, 1:346, 25:327, 178:308, 2:258
  [目的城市] dtype=object nan=0
      0%=0 0.1%=0 1%=0 5%=1 25%=55 50%=134 75%=189 95%=277 99%=341.7 99.9%=360 100%=367
      top5高频值: 178:533, 0:404, 1:386, 179:320, 222:271
  [寄件人id] dtype=object nan=0
      0%=5 0.1%=770.4 1%=5400 5%=1.54e+04 25%=9.262e+04 50%=1.789e+05 75%=2.053e+05 95%=2.273e+05 99%=2.273e+05 99.9%=3e+05 100%=3e+05
      top5高频值: 227346:971, 183889:659, 14084:135, 15877:122, 193650:85
  [收件人id] dtype=object nan=0
      0%=307 0.1%=824 1%=5236 5%=2.251e+04 25%=1.232e+05 50%=2.487e+05 75%=3.329e+05 95%=4.315e+05 99%=4.525e+05 99.9%=4.556e+05 100%=4.561e+05
      top5高频值: 300000:1002, 212899:36, 102098:32, 322725:26, 453758:26
  [配送超时时长] dtype=object nan=0
      0%=-2.914e+05 0.1%=-2.309e+05 1%=-1.874e+05 5%=-1.002e+05 25%=7.123e+04 50%=4.278e+05 75%=4.279e+05 95%=4.279e+05 99%=4.279e+05 99.9%=4.279e+05 100%=4.279e+05
      top5高频值: 427864:1133, 427863:453, 427862:319, 427861:225, 427860:195
  [妥投到进线时长] dtype=object nan=0
      0%=-8.206e+04 0.1%=-8.205e+04 1%=-8.192e+04 5%=-7.853e+04 25%=-2656 50%=2.4e+05 75%=9.041e+05 95%=4.726e+08 99%=8.946e+08 99.9%=9.9e+08 100%=9.982e+08
      top5高频值: -82055:7, -82028:4, -82044:4, -76747:3, -82020:3
  [索赔金额] dtype=object nan=0
      0%=100 0.1%=100 1%=100.6 5%=108.5 25%=240.4 50%=546.3 75%=1061 95%=2463 99%=3832 99.9%=5232 100%=5499
      top5高频值: 100.04:9, 100.01:8, 100.69:5, 100.94:4, 100.22:4
  [始发网点发单量] dtype=object nan=0
      0%=-1 0.1%=2.332 1%=234 5%=2745 25%=5.257e+04 50%=2.102e+05 75%=5.933e+05 95%=4.022e+06 99%=9.861e+07 99.9%=3.033e+08 100%=9.264e+08
      top5高频值: 1515:18, 1516:6, 2:5, 1:4, 1528:4
  [始发网点万单理赔率] dtype=object nan=0
      0%=-0.9999 0.1%=-0.9986 1%=-0.9675 5%=-0.607 25%=4.168 50%=17.09 75%=42.83 95%=109.1 99%=174.6 99.9%=254.5 100%=323.7
      top5高频值: 0.2132108729958097:2, 5.565458620015793:2, 29.67301027481184:2, 1.931037435812424:2, 11.31528775953321:2
  [始发网点赔付比例] dtype=object nan=0
      0%=0.336 0.1%=0.575 1%=0.7655 5%=0.8912 25%=0.9609 50%=0.9828 75%=0.9944 95%=0.9996 99%=1 99.9%=1 100%=1
      top5高频值: 0.9698893537827442:2, 0.9842864812790254:2, 0.9716311649778284:2, 0.9606417166875444:2, 0.9990662138513025:2
  [目的网点发单量] dtype=object nan=0
      0%=33 0.1%=326.6 1%=3391 5%=2.103e+04 25%=1.312e+05 50%=3.464e+05 75%=7.58e+05 95%=9.195e+07 99%=5.809e+09 99.9%=5.973e+10 100%=9.946e+10
      top5高频值: 264442:2, 148032:2, 63175:2, 109618:2, 439168:2
  [目的网点万单理赔率] dtype=object nan=0
      0%=-0.9999 0.1%=-0.9992 1%=-0.9807 5%=-0.7087 25%=2.903 50%=13.56 75%=36.26 95%=94.5 99%=151 99.9%=231 100%=269.7
      top5高频值: 18.92048168432502:2, 40.83626879279365:2, 8.139083030605725:2, 4.016591797089824:2, 56.11918403899472:2
  [目的网点赔付比例] dtype=object nan=0
      0%=0.6282 0.1%=0.72 1%=0.8055 5%=0.8797 25%=0.9501 50%=0.9773 75%=0.9923 95%=0.9991 99%=0.9999 99.9%=1 100%=1
      top5高频值: 0.8904547916274836:2, 0.919012782046138:2, 0.9824929508506002:2, 0.9898078245451408:2, 0.8661308533791998:2
  [实际赔付金额] dtype=object nan=0
      0%=0.74 0.1%=1.375 1%=4.83 5%=21.77 25%=88.83 50%=200.2 75%=408.8 95%=863.1 99%=1238 99.9%=1858 100%=3171
      top5高频值: 13.53:4, 135.76:4, 45.56:4, 45.92:4, 46.81:4
  ===== 附件2 =====
  [保价金额] dtype=object nan=0
      0%=-1 0.1%=-1 1%=-0.979 5%=-0.6137 25%=15.31 50%=85.16 75%=277.6 95%=790.5 99%=1366 99.9%=2721 100%=3293
      top5高频值: -1:6, -0.998:4, -0.074:3, -0.988:3, -0.978:3
  [始发城市] dtype=object nan=0
      0%=0 0.1%=0 1%=0 5%=1 25%=32 50%=117 75%=181.2 95%=268 99%=318 99.9%=366 100%=366
      top5高频值: 0:94, 1:93, 2:83, 25:75, 146:70
  [目的城市] dtype=object nan=0
      0%=0 0.1%=0 1%=0 5%=1 25%=52.75 50%=133 75%=189 95%=276 99%=340 99.9%=354.6 100%=367
      top5高频值: 178:119, 0:107, 1:98, 179:78, 3:66
  [寄件人id] dtype=object nan=0
      0%=337 0.1%=663 1%=3771 5%=1.544e+04 25%=8.915e+04 50%=1.768e+05 75%=2.052e+05 95%=2.273e+05 99%=2.273e+05 99.9%=3e+05 100%=3e+05
      top5高频值: 227346:258, 183889:143, 15877:40, 14084:28, 193886:19
  [收件人id] dtype=object nan=0
      0%=307 0.1%=859.6 1%=4853 5%=2.255e+04 25%=1.198e+05 50%=2.457e+05 75%=3.302e+05 95%=4.291e+05 99%=4.509e+05 99.9%=4.549e+05 100%=4.561e+05
      top5高频值: 300000:250, 212899:9, 102098:8, 453758:7, 15885:7
  [配送超时时长] dtype=object nan=0
      0%=-3.813e+05 0.1%=-2.426e+05 1%=-1.883e+05 5%=-1.031e+05 25%=6.3e+04 50%=4.278e+05 75%=4.279e+05 95%=4.279e+05 99%=4.279e+05 99.9%=4.279e+05 100%=4.279e+05
      top5高频值: 427864:301, 427863:117, 427862:71, 427861:62, 427860:49
  [妥投到进线时长] dtype=object nan=0
      0%=-8.205e+04 0.1%=-8.205e+04 1%=-8.193e+04 5%=-7.8e+04 25%=-9553 50%=2.334e+05 75%=8.814e+05 95%=4.863e+08 99%=8.971e+08 99.9%=9.864e+08 100%=9.93e+08
      top5高频值: 474000000:3, 189000000:3, 392000000:2, 662000000:2, 814000000:2
  [索赔金额] dtype=object nan=0
      0%=100 0.1%=100 1%=100.3 5%=105.9 25%=236.4 50%=543 75%=1044 95%=2355 99%=3693 99.9%=4750 100%=5425
      top5高频值: 100.03:4, 100.13:3, 141.01:3, 100.01:3, 120.06:2
  [始发网点发单量] dtype=object nan=0
      0%=-1 0.1%=5.164 1%=196 5%=2618 25%=4.836e+04 50%=2.082e+05 75%=5.991e+05 95%=3.155e+06 99%=7.604e+07 99.9%=3.156e+08 100%=7.44e+08
      top5高频值: 1515:5, 30:3, 9454:2, 291:2, 1516:2
  [始发网点万单理赔率] dtype=object nan=0
      0%=-0.9999 0.1%=-0.9996 1%=-0.9579 5%=-0.6325 25%=4.141 50%=17.18 75%=44.25 95%=112.5 99%=183.3 99.9%=255.2 100%=323.7
      top5高频值: -0.48743:2, 47.40814:2, 0.069307:1, -0.82151:1, 34.51069:1
  [始发网点赔付比例] dtype=object nan=0
      0%=0.518 0.1%=0.5816 1%=0.747 5%=0.8885 25%=0.96 50%=0.9838 75%=0.9953 95%=0.9996 99%=1 99.9%=1 100%=1
      top5高频值: 0.99968:3, 0.999991:3, 0.999681:3, 0.999831:3, 0.98109:2
  [目的网点发单量] dtype=object nan=0
      0%=0 0.1%=127.2 1%=2565 5%=1.914e+04 25%=1.366e+05 50%=3.619e+05 75%=7.686e+05 95%=7.151e+07 99%=4.695e+09 99.9%=4.193e+10 100%=7.46e+10
      top5高频值: 7660000000:3, 560000000:2, 70629:2, 762000000:2, 172000000:2
  [目的网点万单理赔率] dtype=object nan=0
      0%=-0.9999 0.1%=-0.9998 1%=-0.9854 5%=-0.7905 25%=3.215 50%=14.55 75%=37.93 95%=97.43 99%=157.9 99.9%=219.9 100%=234.2
      top5高频值: -0.99247:2, 30.22474:2, 0.403306:1, -0.92914:1, 94.44991:1
  [目的网点赔付比例] dtype=object nan=0
      0%=0.6282 0.1%=0.7012 1%=0.8242 5%=0.8798 25%=0.9491 50%=0.977 75%=0.9922 95%=0.9992 99%=0.9999 99.9%=1 100%=1
      top5高频值: 0.999965:3, 0.99504:2, 0.987237:2, 0.987001:2, 0.975247:2
