====================================================================================================
A3-08 补列：附件2_clean.csv 增补 索赔金额_log10 | pandas 3.0.5
公式（与 a3_06 附件1 完全一致）：索赔金额_log10 = np.log10(索赔金额)；插入位置=末列 保价索赔比 之前
====================================================================================================
[0] 当前文件 md5=5708251baabbac8e855e87f87ae77543；行片段数=2793（含表头）；行尾=CRLF
[1] 旧表 46 列；索赔金额 字段序号=13；末字段=保价索赔比
[2] 文本插入完成：新行片段数=2793；末字段引号检查 PASS（0 个异常）
[3] 落盘：新 md5=74aa5da0b302844d6d6cc5bcc110e252（旧 5708251baabbac8e855e87f87ae77543）
[4] 字节级保留证明：全部 2793 行删除新增字段后与原行逐字节一致：PASS
[5] 行数校验：2792 == 2792 PASS；shape (2792, 47)
[6] 其余 46 列逐格严格相等（pandas .equals；旧列字节同源，判据为精确相等）：PASS
[7] 列序对齐校验：['运单号'] + setdiff(附件1列, 附件1专有['行ID', '实际赔付金额', '索赔差额', '赔付索赔比', '相对超额', '实际赔付金额_log10']) == 附件2_new 列序 ：False
====================================================================================================
A3-08 补列 运行段开始 | 2026-10-04T23:38:27 | pandas 3.0.5
公式（与 a3_06 附件1 完全一致）：索赔金额_log10 = np.log10(索赔金额)；插入位置=末列 保价索赔比 之前
读取口径：本脚本所有 read_csv 一律 encoding='utf-8-sig'（clean.csv 由 a3_03/a3_06 以 utf-8-sig 落盘，
          带BOM；若用默认 utf-8 读取，首列名会带 \ufeff 前缀——此使用注意已记入数据报告 §7。）
====================================================================================================
[0] 当前文件 md5=5708251baabbac8e855e87f87ae77543；行片段数=2793（含表头）；行尾=CRLF
[1] 旧表 46 列；索赔金额 字段序号=13；末字段=保价索赔比
[2] 文本插入完成：新行片段数=2793；末字段引号检查 PASS（0 个异常）
[3] 落盘：新 md5=74aa5da0b302844d6d6cc5bcc110e252（旧 5708251baabbac8e855e87f87ae77543）
[4] 字节级保留证明：全部 2793 行删除新增字段后与原行逐字节一致：PASS
[5] 行数校验：2792 == 2792 PASS；shape (2792, 47)
[6] 其余 46 列逐格严格相等（pandas .equals；旧列字节同源，判据为精确相等）：PASS
[7] 列序对齐校验：['运单号'] + setdiff(附件1列, 附件1专有['行ID', '实际赔付金额', '索赔差额', '赔付索赔比', '相对超额', '实际赔付金额_log10']) == 附件2_new 列序 ：False
====================================================================================================
A3-08 补列 运行段开始 | 2026-10-04T23:38:27 | pandas 3.0.5
公式（与 a3_06 附件1 完全一致）：索赔金额_log10 = np.log10(索赔金额)；插入位置=末列 保价索赔比 之前
读取口径：本脚本所有 read_csv 一律 encoding='utf-8-sig'（clean.csv 由 a3_03/a3_06 以 utf-8-sig 落盘，
          带BOM；若用默认 utf-8 读取，首列名会带 \ufeff 前缀——此使用注意已记入数据报告 §7。）
====================================================================================================
[0] 当前文件 md5=74aa5da0b302844d6d6cc5bcc110e252；行片段数=2793（含表头）；行尾=CRLF
[幂等] 目标列已存在（字段序号=45），跳过插入，仅核验。
[5] 行数校验：2792 == 2792 PASS；shape (2792, 47)
[7] 列序对齐校验：['运单号'] + setdiff(附件1列, 附件1专有['行ID', '实际赔付金额', '索赔差额', '赔付索赔比', '相对超额', '实际赔付金额_log10']) == 附件2_new 列序 ：False
====================================================================================================
A3-08 补列 运行段开始 | 2026-10-04T23:43:50 | pandas 3.0.5
公式（与 a3_06 附件1 完全一致）：索赔金额_log10 = np.log10(索赔金额)；插入位置=末列 保价索赔比 之前
读取口径：本脚本所有 read_csv 一律 encoding='utf-8-sig'（clean.csv 由 a3_03/a3_06 以 utf-8-sig 落盘，
          带BOM；若用默认 utf-8 读取，首列名会带 \ufeff 前缀——此使用注意已记入数据报告 §7。）
====================================================================================================
[0] 当前文件 md5=018ca799857cc24751e5f78ceae4ec82；行片段数=2793（含表头）；行尾=CRLF
[1] 旧表 46 列；索赔金额 字段序号=14；末字段=保价索赔比
[2] 文本插入完成：新行片段数=2793；末字段引号检查 PASS（0 个异常）
[3] 落盘：新 md5=0846d4b032f27d6471c3bc108fdcaf29（旧 018ca799857cc24751e5f78ceae4ec82）
[4] 字节级保留证明：全部 2793 行删除新增字段后与原行逐字节一致：PASS
[5] 行数校验：2792 == 2792 PASS；shape (2792, 47)
[6] 其余 46 列逐格严格相等（pandas .equals；旧列字节同源，判据为精确相等）：PASS
[7] 列序对齐校验：['运单号'] + setdiff(附件1列, 附件1专有['行ID', '实际赔付金额', '索赔差额', '赔付索赔比', '相对超额', '实际赔付金额_log10']) == 附件2_new 列序 ：True
    附件2_new 列序（尾 8 列）: ['收件人id_频率', '始发城市_频率', '目的城市_频率', '城市对_频率', '寄件人id_疑似平台号', '收件人id_疑似平台号', '索赔金额_log10', '保价索赔比']
[8] 新列公式回验：附件2 max 偏差=4.44e-16（阈值 1e-12）；附件1 同名列回验 max 偏差=8.88e-16
    定义域核验：索赔金额 min>=100（a3_02 [5]），全列无 NaN PASS
    抽样（首 3 行 + 索赔金额 最小/最大行）：
       运单号    索赔金额  索赔金额_log10
0        1  680.57     2.83287
1        2  723.25     2.85929
2        3  1551.5     3.19075
2437  2438     100           2
299    300 5424.79     3.73438

[9] 变更摘要：附件2_clean.csv 2792×46 -> 2792×47，新增 索赔金额_log10（位置 45，保价索赔比 之前）；其余 46 列字节级原样保留、数值逐格严格相等；行数 2792 不变。
A3-08 补列结束。
====================================================================================================
A3-08 补列 运行段开始 | 2026-10-04T23:43:51 | pandas 3.0.5
公式（与 a3_06 附件1 完全一致）：索赔金额_log10 = np.log10(索赔金额)；插入位置=末列 保价索赔比 之前
读取口径：本脚本所有 read_csv 一律 encoding='utf-8-sig'（clean.csv 由 a3_03/a3_06 以 utf-8-sig 落盘，
          带BOM；若用默认 utf-8 读取，首列名会带 \ufeff 前缀——此使用注意已记入数据报告 §7。）
====================================================================================================
[0] 当前文件 md5=0846d4b032f27d6471c3bc108fdcaf29；行片段数=2793（含表头）；行尾=CRLF
[幂等] 目标列已存在（字段序号=45），跳过插入，仅核验。
[5] 行数校验：2792 == 2792 PASS；shape (2792, 47)
[7] 列序对齐校验：['运单号'] + setdiff(附件1列, 附件1专有['行ID', '实际赔付金额', '索赔差额', '赔付索赔比', '相对超额', '实际赔付金额_log10']) == 附件2_new 列序 ：True
    附件2_new 列序（尾 8 列）: ['收件人id_频率', '始发城市_频率', '目的城市_频率', '城市对_频率', '寄件人id_疑似平台号', '收件人id_疑似平台号', '索赔金额_log10', '保价索赔比']
[8] 新列公式回验：附件2 max 偏差=4.44e-16（阈值 1e-12）；附件1 同名列回验 max 偏差=8.88e-16
    定义域核验：索赔金额 min>=100（a3_02 [5]），全列无 NaN PASS
    抽样（首 3 行 + 索赔金额 最小/最大行）：
       运单号    索赔金额  索赔金额_log10
0        1  680.57     2.83287
1        2  723.25     2.85929
2        3  1551.5     3.19075
2437  2438     100           2
299    300 5424.79     3.73438

[9] 变更摘要：附件2_clean.csv 2792×46 -> 2792×47，新增 索赔金额_log10（位置 45，保价索赔比 之前）；其余 46 列字节级原样保留、数值逐格严格相等；行数 2792 不变。
A3-08 补列结束。
