2026-10-05 10:24:26 [INFO] === a6_05_q3分类双路线 开始（A5 §4：方式2 主 + 方式1 对比 + 消融 A0–A6） ===
2026-10-05 10:24:27 [INFO] 环境：python=3.13.14 numpy=2.5.3 pandas=3.0.5 sklearn=1.9.1 scipy=1.18.1 lightgbm=4.7.0 xgboost=3.4.1
2026-10-05 10:24:27 [INFO] 种子登记（A5 §6）：主种子=20251004，重复种子=[20251004, 20251005, 20251006]，bootstrap B=1000 水平 0.95（约定项）
2026-10-05 10:24:27 [INFO] 输入文件 md5：附件1_clean.csv = d5842f8bec9b35de36732ed47b6c75d1（大小 6005690 字节）
2026-10-05 10:24:27 [INFO] 输入文件 md5：附件1_风险标注.csv = ed5274a6b13ab5b5641d04fb6e0fa7c4（大小 497402 字节）
2026-10-05 10:24:27 [INFO] 输入文件 md5：附件2_赔付预测.csv = f82fe92df96472a0eb8bd23dfb390877（大小 54386 字节）
2026-10-05 10:24:27 [INFO] 输入文件 md5：q1_定稿配置.json = 3a28ae8bd2c93f30f32d85bd88d2c0a1（大小 1735 字节）
2026-10-05 10:24:27 [INFO] 输入文件 md5：q2_定稿配置.json = b28e7fdd867c8557f4c4a4ebe525b56d（大小 2133 字节）
2026-10-05 10:24:27 [INFO] 附件1_clean 载入（D22，utf-8-sig）：11167×52；索赔差额恒负校验通过（min=-4463.58）
2026-10-05 10:24:27 [INFO] C11/R-06 交接断言通过：标签计数 合理=9602 偏高=1340 严重=225（与 q1_定稿配置.json 一致）
2026-10-05 10:24:27 [INFO] Q1 冻结边界（方式1 链路，C11 硬依赖已满足）：B=5，edges=[72.0, 148.46, 268.61, 475.4]，g1=[336.42, 583.11, 800.53, 1086.02, 2127.45]，g2=[794.08, 1267.56, 1718.62, 2222.41, 3437.54]
2026-10-05 10:24:27 [INFO] Q2 定稿配置（方式1 链路）：变体*=A，cfg*={'num_leaves': 63, 'min_child_samples': 50, 'feature_fraction': 0.9, 'bagging_fraction': 0.7, 'reg_lambda': 0.1, 'reg_alpha': 0.1, 'objective': 'regression'}，φ_final=1.182165
2026-10-05 10:24:27 [INFO] 特征矩阵 (11167, 37)（与 Q2 同一允许清单，A4 §4.2）
2026-10-05 10:24:41 [INFO] 主路线 种子=20251004 折1/5：γ*=1.0，s*=(0.50,0.50)（内层宏F1=0.6710 可行=1）；外折宏F1=0.6077，严重recall=0.1778，预测占比 合=0.8912 偏=0.0971 严=0.0116
2026-10-05 10:24:56 [INFO] 主路线 种子=20251004 折2/5：γ*=1.0，s*=(0.70,1.00)（内层宏F1=0.6637 可行=1）；外折宏F1=0.6698，严重recall=0.2889，预测占比 合=0.8894 偏=0.0976 严=0.0130
2026-10-05 10:25:10 [INFO] 主路线 种子=20251004 折3/5：γ*=1.0，s*=(0.50,1.00)（内层宏F1=0.6636 可行=1）；外折宏F1=0.6735，严重recall=0.4000，预测占比 合=0.8997 偏=0.0815 严=0.0188
2026-10-05 10:25:25 [INFO] 主路线 种子=20251004 折4/5：γ*=0.5，s*=(1.00,1.50)（内层宏F1=0.6533 可行=1）；外折宏F1=0.6932，严重recall=0.3333，预测占比 合=0.8876 偏=0.1012 严=0.0112
2026-10-05 10:25:39 [INFO] 主路线 种子=20251004 折5/5：γ*=1.0，s*=(0.50,0.50)（内层宏F1=0.6381 可行=1）；外折宏F1=0.7039，严重recall=0.4000，预测占比 合=0.9006 偏=0.0864 严=0.0130
2026-10-05 10:25:39 [INFO] 主路线 种子=20251004 池化：宏F1=0.6704；严重 recall=0.3200 precision=0.4768；预测占比 合=0.8937 偏=0.0928 严=0.0135；logloss=0.2386
2026-10-05 10:25:53 [INFO] 主路线 种子=20251005 折1/5：γ*=0.5，s*=(1.00,1.50)（内层宏F1=0.6704 可行=1）；外折宏F1=0.6521，严重recall=0.2667，预测占比 合=0.8957 偏=0.0931 严=0.0112
2026-10-05 10:26:08 [INFO] 主路线 种子=20251005 折2/5：γ*=0.5，s*=(0.70,1.00)（内层宏F1=0.6641 可行=1）；外折宏F1=0.6634，严重recall=0.3778，预测占比 合=0.8988 偏=0.0833 严=0.0179
2026-10-05 10:26:22 [INFO] 主路线 种子=20251005 折3/5：γ*=0.0，s*=(1.00,2.00)（内层宏F1=0.6642 可行=1）；外折宏F1=0.6255，严重recall=0.2889，预测占比 合=0.9037 偏=0.0797 严=0.0166
2026-10-05 10:26:37 [INFO] 主路线 种子=20251005 折4/5：γ*=1.0，s*=(0.50,0.70)（内层宏F1=0.6607 可行=1）；外折宏F1=0.6688，严重recall=0.2444，预测占比 合=0.8916 偏=0.0994 严=0.0090
2026-10-05 10:26:52 [INFO] 主路线 种子=20251005 折5/5：γ*=1.0，s*=(0.50,0.50)（内层宏F1=0.6715 可行=1）；外折宏F1=0.6418，严重recall=0.1778，预测占比 合=0.8957 偏=0.0976 严=0.0067
2026-10-05 10:26:52 [INFO] 主路线 种子=20251005 池化：宏F1=0.6521；严重 recall=0.2711 precision=0.4453；预测占比 合=0.8971 偏=0.0906 严=0.0123；logloss=0.2371
2026-10-05 10:27:07 [INFO] 主路线 种子=20251006 折1/5：γ*=0.5，s*=(0.70,0.70)（内层宏F1=0.6572 可行=1）；外折宏F1=0.6922，严重recall=0.2889，预测占比 合=0.8876 偏=0.1021 严=0.0103
2026-10-05 10:27:21 [INFO] 主路线 种子=20251006 折2/5：γ*=1.0，s*=(0.50,1.00)（内层宏F1=0.6615 可行=1）；外折宏F1=0.6550，严重recall=0.3556，预测占比 合=0.8957 偏=0.0859 严=0.0184
2026-10-05 10:27:36 [INFO] 主路线 种子=20251006 折3/5：γ*=0.0，s*=(1.00,2.00)（内层宏F1=0.6559 可行=1）；外折宏F1=0.6655，严重recall=0.3333，预测占比 合=0.8988 偏=0.0846 严=0.0166
2026-10-05 10:27:49 [INFO] 主路线 种子=20251006 折4/5：γ*=0.0，s*=(1.00,2.00)（内层宏F1=0.6575 可行=1）；外折宏F1=0.6612，严重recall=0.3111，预测占比 合=0.9113 偏=0.0784 严=0.0103
2026-10-05 10:28:03 [INFO] 主路线 种子=20251006 折5/5：γ*=1.0，s*=(0.50,0.50)（内层宏F1=0.6684 可行=1）；外折宏F1=0.6097，严重recall=0.1556，预测占比 合=0.8992 偏=0.0949 严=0.0058
2026-10-05 10:28:03 [INFO] 主路线 种子=20251006 池化：宏F1=0.6586；严重 recall=0.2889 precision=0.4745；预测占比 合=0.8985 偏=0.0892 严=0.0123；logloss=0.2348
2026-10-05 10:28:18 [INFO] 主路线 行序口径：γ*=1.0，s*=(0.50,0.70)（内层宏F1=0.6640 可行=1）；验证 宏F1=0.6710，严重recall=0.3636，预测占比 合=0.8957 偏=0.0878 严=0.0166
2026-10-05 10:28:18 [INFO] 主路线耗时哨兵：累计 232.6 秒
2026-10-05 10:28:23 [INFO] 消融 A0（分层5折）池化：宏F1=0.6529；严重recall=0.2133 precision=0.7164；预测占比 合=0.9045 偏=0.0895 严=0.0060
2026-10-05 10:28:32 [INFO] 消融 A1（分层5折）池化：宏F1=0.6631；严重recall=0.2978 precision=0.5115；预测占比 合=0.8814 偏=0.1068 严=0.0117
2026-10-05 10:28:33 [INFO] 消融 A2 分层5折 折1：γ=0.0 固定，s*=(1.00,2.00)（内层宏F1=0.6650 可行=1）
2026-10-05 10:28:34 [INFO] 消融 A2 分层5折 折2：γ=0.0 固定，s*=(1.50,2.00)（内层宏F1=0.6602 可行=1）
2026-10-05 10:28:35 [INFO] 消融 A2 分层5折 折3：γ=0.0 固定，s*=(1.00,1.00)（内层宏F1=0.6563 可行=1）
2026-10-05 10:28:36 [INFO] 消融 A2 分层5折 折4：γ=0.0 固定，s*=(1.50,1.00)（内层宏F1=0.6518 可行=1）
2026-10-05 10:28:37 [INFO] 消融 A2 分层5折 折5：γ=0.0 固定，s*=(0.70,2.00)（内层宏F1=0.6220 可行=1）
2026-10-05 10:28:37 [INFO] 消融 A2（分层5折）池化：宏F1=0.6568；严重recall=0.2667 precision=0.5217；预测占比 合=0.9025 偏=0.0872 严=0.0103
2026-10-05 10:28:38 [INFO] 消融 A3 分层5折 折1：γ=1.0 固定，s*=(0.50,0.50)（内层宏F1=0.6710 可行=1）
2026-10-05 10:28:40 [INFO] 消融 A3 分层5折 折2：γ=1.0 固定，s*=(0.70,1.00)（内层宏F1=0.6637 可行=1）
2026-10-05 10:28:42 [INFO] 消融 A3 分层5折 折3：γ=1.0 固定，s*=(0.50,1.00)（内层宏F1=0.6636 可行=1）
2026-10-05 10:28:44 [INFO] 消融 A3 分层5折 折4：γ=1.0 固定，s*=(0.70,0.50)（内层宏F1=0.6521 可行=1）
2026-10-05 10:28:46 [INFO] 消融 A3 分层5折 折5：γ=1.0 固定，s*=(0.50,0.50)（内层宏F1=0.6381 可行=1）
2026-10-05 10:28:46 [INFO] 消融 A3（分层5折）池化：宏F1=0.6642；严重recall=0.2978 precision=0.4786；预测占比 合=0.8942 偏=0.0933 严=0.0125
2026-10-05 10:28:47 [INFO] 消融 A4 分层5折 折1：γ=0.5 固定，s*=(1.00,1.50)（内层宏F1=0.6700 可行=1）
2026-10-05 10:28:48 [INFO] 消融 A4 分层5折 折2：γ=0.5 固定，s*=(0.50,0.70)（内层宏F1=0.6614 可行=1）
2026-10-05 10:28:49 [INFO] 消融 A4 分层5折 折3：γ=0.5 固定，s*=(0.70,2.00)（内层宏F1=0.6579 可行=1）
2026-10-05 10:28:51 [INFO] 消融 A4 分层5折 折4：γ=0.5 固定，s*=(1.00,1.50)（内层宏F1=0.6533 可行=1）
2026-10-05 10:28:52 [INFO] 消融 A4 分层5折 折5：γ=0.5 固定，s*=(1.00,1.50)（内层宏F1=0.6339 可行=1）
2026-10-05 10:28:52 [INFO] 消融 A4（分层5折）池化：宏F1=0.6758；严重recall=0.3644 precision=0.4686；预测占比 合=0.8950 偏=0.0894 严=0.0157
2026-10-05 10:28:53 [INFO] 消融A5 折1：严重类 180 → 过采样至 1072（=偏高类计数），训练行 8933 → 9825
2026-10-05 10:28:54 [INFO] 消融A5 折2：严重类 180 → 过采样至 1072（=偏高类计数），训练行 8933 → 9825
2026-10-05 10:28:55 [INFO] 消融A5 折3：严重类 180 → 过采样至 1072（=偏高类计数），训练行 8934 → 9826
2026-10-05 10:28:57 [INFO] 消融A5 折4：严重类 180 → 过采样至 1072（=偏高类计数），训练行 8934 → 9826
2026-10-05 10:28:58 [INFO] 消融A5 折5：严重类 180 → 过采样至 1072（=偏高类计数），训练行 8934 → 9826
2026-10-05 10:28:58 [INFO] 消融 A5（分层5折）池化：宏F1=0.6556；严重recall=0.3200 precision=0.4211；预测占比 合=0.9017 偏=0.0830 严=0.0153
2026-10-05 10:29:04 [INFO] 消融 A6（分层5折）池化：宏F1=0.4298；严重recall=0.9556 precision=0.1947；预测占比 合=0.9011 偏=0.0000 严=0.0989
2026-10-05 10:29:05 [INFO] 消融 A0（行序外推）池化：宏F1=0.6922；严重recall=0.3182 precision=0.6667；预测占比 合=0.9024 偏=0.0882 严=0.0094
2026-10-05 10:29:07 [INFO] 消融 A1（行序外推）池化：宏F1=0.6668；严重recall=0.3409 precision=0.4688；预测占比 合=0.8791 偏=0.1066 严=0.0143
2026-10-05 10:29:08 [INFO] 消融 A2 行序外推 折1：γ=0.0 固定，s*=(1.00,2.00)（内层宏F1=0.6597 可行=1）
2026-10-05 10:29:08 [INFO] 消融 A2（行序外推）池化：宏F1=0.6824；严重recall=0.3636 precision=0.4848；预测占比 合=0.9006 偏=0.0846 严=0.0148
2026-10-05 10:29:09 [INFO] 消融 A3 行序外推 折1：γ=1.0 固定，s*=(0.50,0.70)（内层宏F1=0.6640 可行=1）
2026-10-05 10:29:09 [INFO] 消融 A3（行序外推）池化：宏F1=0.6710；严重recall=0.3636 precision=0.4324；预测占比 合=0.8957 偏=0.0878 严=0.0166
2026-10-05 10:29:11 [INFO] 消融 A4 行序外推 折1：γ=0.5 固定，s*=(1.00,1.50)（内层宏F1=0.6584 可行=1）
2026-10-05 10:29:11 [INFO] 消融 A4（行序外推）池化：宏F1=0.6870；严重recall=0.3864 precision=0.4857；预测占比 合=0.8912 偏=0.0931 严=0.0157
2026-10-05 10:29:12 [INFO] 消融A5 折1：严重类 181 → 过采样至 1062（=偏高类计数），训练行 8934 → 9815
2026-10-05 10:29:12 [INFO] 消融 A5（行序外推）池化：宏F1=0.6498；严重recall=0.3636 precision=0.3721；预测占比 合=0.9042 偏=0.0766 严=0.0193
2026-10-05 10:29:13 [INFO] 消融 A6（行序外推）池化：宏F1=0.4291；严重recall=0.9773 precision=0.1920；预测占比 合=0.8997 偏=0.0000 严=0.1003
2026-10-05 10:29:24 [INFO] 方式1 种子=20251004 池化：宏F1=0.6362；严重recall=0.1733；两路线标签一致率=0.9756；边界带翻转率(L̃≠L̂)=0.4073（边界带 248 行）
2026-10-05 10:29:35 [INFO] 方式1 种子=20251005 池化：宏F1=0.6358；严重recall=0.1689；两路线标签一致率=0.9779；边界带翻转率(L̃≠L̂)=0.4241（边界带 257 行）
2026-10-05 10:29:45 [INFO] 方式1 种子=20251006 池化：宏F1=0.6369；严重recall=0.1733；两路线标签一致率=0.9797；边界带翻转率(L̃≠L̂)=0.4016（边界带 244 行）
2026-10-05 10:29:48 [INFO] 方式1 行序口径：宏F1=0.6643；两路线一致率=0.9740；边界带翻转率=0.3390
2026-10-05 10:29:48 [INFO] R-04 检测（Q3）：主配置>A0 方向两口径反转（分层 0.6704 vs 0.6529；行序 0.6710 vs 0.6922）；方式2>方式1 方向两口径一致
2026-10-05 10:29:48 [WARNING] 已写入停步上报：R-04 Q3 双口径排序反转（a6_05）（output/logs/a6_阻断上报.md，第2次派发小节）
2026-10-05 10:29:48 [WARNING] 已写入停步上报：R-07 Q3 概率标定/严重类召回异常（a6_05）（output/logs/a6_阻断上报.md，第2次派发小节）
2026-10-05 10:29:48 [INFO] 输出 q3_方式1误差联合.csv：['Ltilde=L（判定一致） n=10336 |ŷ−y|P50=60.6', 'Ltilde!=L（判定翻转） n=831 |ŷ−y|P50=183.6']
2026-10-05 10:30:03 [INFO] 全量嵌套校准：γ*=0.0，s*=(1.00,2.00)（内层宏F1=0.6645 可行=1）；各 γ 内层={'γ=0.0': {'s': [1.0, 2.0], '宏F1': 0.6645, '可行': True}, 'γ=0.5': {'s': [0.7, 0.7], '宏F1': 0.6598, '可行': True}, 'γ=1.0': {'s': [0.5, 0.5], '宏F1': 0.663, '可行': True}}
2026-10-05 10:30:14 [INFO] 附件2_clean 载入（D22，utf-8-sig）：(2792, 47)；运单号唯一、索赔金额_log10 在位（D21）
2026-10-05 10:30:14 [INFO] 输出 附件2_风险预测.csv：2792 行（方式2 argmax(s·p) 判类，D17）
2026-10-05 10:30:14 [INFO] 附件2 方式2 预测占比：合=0.9019 偏=0.0910 严=0.0072（如实报告，不硬凑 C2 带，A2-06）
2026-10-05 10:30:14 [INFO] 附件2 两路线对照：方式1 标签占比 合=0.9090 偏=0.0888 严=0.0021；两路线一致率=0.9864；边界带翻转率(L̃≠L̂)=0.3729（边界带 59 行）
2026-10-05 10:30:14 [INFO] 混淆矩阵（分层5折_主种子池化）：对角=10321；严重类漏判为偏高=137、漏判为合理=16
2026-10-05 10:30:14 [INFO] 混淆矩阵（行序外推）：对角=2063；严重类漏判为偏高=25、漏判为合理=3
2026-10-05 10:30:14 [INFO] 输出 q3_指标汇总.csv（4 行）、q3_消融矩阵.csv（14 行）、q3_两路线对比.csv（9 行）、q3_混淆矩阵.csv（18 行）
2026-10-05 10:30:14 [INFO] 输出 q3_定稿配置.json：定稿 γ*=0.0，s*=(1.00,2.00)
2026-10-05 10:30:14 [INFO] === a6_05 完成，耗时 348.4 秒 ===
