2026-10-05 09:54:42 [INFO] === a6_03_q2双口径评估 开始（A5 §3.6/§3.7：终评双口径 + B1–B4 + 变体裁决） ===
2026-10-05 09:54:43 [INFO] 环境：python=3.13.14 numpy=2.5.3 pandas=3.0.5 sklearn=1.9.1 scipy=1.18.1 lightgbm=4.7.0 xgboost=3.4.1
2026-10-05 09:54:43 [INFO] 种子登记（A5 §6）：主种子=20251004，重复种子=[20251004, 20251005, 20251006]，bootstrap B=1000 水平 0.95（约定项）
2026-10-05 09:54:43 [INFO] 输入文件 md5：附件1_clean.csv = d5842f8bec9b35de36732ed47b6c75d1（大小 6005690 字节）
2026-10-05 09:54:43 [INFO] 附件1_clean 载入（D22，utf-8-sig）：11167×52；索赔差额恒负校验通过（min=-4463.58）
2026-10-05 09:54:43 [INFO] 读入 a6_02 选优：cfg*_A={'num_leaves': 63, 'min_child_samples': 50, 'feature_fraction': 0.9, 'bagging_fraction': 0.7, 'reg_lambda': 0.1, 'reg_alpha': 0.1}（3折WAPE=0.338929）；cfg*_B={'num_leaves': 63, 'min_child_samples': 50, 'feature_fraction': 0.9, 'bagging_fraction': 0.7, 'reg_lambda': 0.1, 'reg_alpha': 0.1, 'alpha': 0.9}（3折WAPE=0.557568）
2026-10-05 09:54:43 [INFO] 特征矩阵 (11167, 37)；目标 y 中位=200.2；赔付索赔比全表中位=0.3745（T4，仅报告）
2026-10-05 09:54:54 [INFO] 口径① 变体A 种子=20251004：池化 OOF {'WAPE': 0.340649, 'MAE': 99.551716, 'RMSE': 142.519582, 'SMAPE_保护': 43.681163}；折间 WAPE 均值=0.340652±0.003306；φ_fold=[1.184762, 1.186087, 1.180163, 1.182292, 1.180384]；best_iter=[72, 76, 67, 68, 69]
2026-10-05 09:55:04 [INFO] 口径① 变体A 种子=20251005：池化 OOF {'WAPE': 0.339783, 'MAE': 99.298509, 'RMSE': 142.253355, 'SMAPE_保护': 43.686369}；折间 WAPE 均值=0.339768±0.006864；φ_fold=[1.178877, 1.179462, 1.185936, 1.185724, 1.17881]；best_iter=[57, 67, 71, 78, 79]
2026-10-05 09:55:15 [INFO] 口径① 变体A 种子=20251006：池化 OOF {'WAPE': 0.340127, 'MAE': 99.399224, 'RMSE': 142.155847, 'SMAPE_保护': 43.627679}；折间 WAPE 均值=0.340122±0.004812；φ_fold=[1.185061, 1.183104, 1.181492, 1.181594, 1.181406]；best_iter=[72, 70, 87, 89, 66]
2026-10-05 09:55:38 [INFO] 口径① 变体B 种子=20251004：池化 OOF {'WAPE': 0.557151, 'MAE': 162.822389, 'RMSE': 235.705951, 'SMAPE_保护': 64.864849}；折间 WAPE 均值=0.557154±0.001610；φ_fold=[nan, nan, nan, nan, nan]；best_iter=[2000, 2000, 2000, 2000, 2000]
2026-10-05 09:56:02 [INFO] 口径① 变体B 种子=20251005：池化 OOF {'WAPE': 0.557299, 'MAE': 162.86561, 'RMSE': 235.75015, 'SMAPE_保护': 64.87565}；折间 WAPE 均值=0.557280±0.002899；φ_fold=[nan, nan, nan, nan, nan]；best_iter=[2000, 2000, 2000, 2000, 2000]
2026-10-05 09:56:26 [INFO] 口径① 变体B 种子=20251006：池化 OOF {'WAPE': 0.557092, 'MAE': 162.805151, 'RMSE': 235.682202, 'SMAPE_保护': 64.858442}；折间 WAPE 均值=0.557090±0.002167；φ_fold=[nan, nan, nan, nan, nan]；best_iter=[2000, 2000, 2000, 2000, 2000]
2026-10-05 09:56:26 [INFO] 口径② 行序外推切分：训练=8934 行（行ID 1~8934），验证=2233 行（行ID 8935~11167）（U3/D19）
2026-10-05 09:56:28 [INFO] 口径② 变体A：验证集 {'WAPE': 0.335708, 'MAE': 101.275958, 'RMSE': 147.413885, 'SMAPE_保护': 43.980222}；φ=[1.184413]；best_iter=[96]
2026-10-05 09:56:33 [INFO] 口径② 变体B：验证集 {'WAPE': 0.551982, 'MAE': 166.521234, 'RMSE': 250.110188, 'SMAPE_保护': 64.213167}；φ=[nan]；best_iter=[2000]
2026-10-05 09:57:07 [INFO] 种子=20251004 基线/线性族 OOF 完成（同折同种子）
2026-10-05 09:57:39 [INFO] 种子=20251005 基线/线性族 OOF 完成（同折同种子）
2026-10-05 09:58:12 [INFO] 种子=20251006 基线/线性族 OOF 完成（同折同种子）
2026-10-05 09:58:32 [INFO] XGB 对照 变体A（口径①主种子）：池化 OOF WAPE=0.344025；折间=0.344034±0.004216
2026-10-05 09:58:34 [INFO] XGB 对照 变体A（口径②行序）：验证 WAPE=0.338118
2026-10-05 09:58:36 [INFO] XGB 对照 变体B（口径①主种子）：池化 OOF WAPE=0.808865；折间=0.808676±0.156191
2026-10-05 09:58:36 [INFO] XGB 对照 变体B（口径②行序）：验证 WAPE=0.681290
2026-10-05 09:58:45 [INFO] 输出 q2_指标汇总.csv：36 行（模型×口径×种子，含 bootstrap 95% CI，B=1000）
2026-10-05 09:58:45 [INFO] 输出 q2_oof预测.csv：67002 行（变体 A/B × 3 种子 × 5 折，池化每行恰一预测/种子）
2026-10-05 09:58:45 [INFO] 变体裁决（3 种子主口径 WAPE 均值，MAE 辅）：A=0.340186/MAE=99.4165，B=0.557180/MAE=162.8311 → 变体*=A
2026-10-05 09:58:45 [INFO] 行序口径对照：A=0.335708，B=0.551982 → 排序一致（R-04 检测：两口径变体排序须一致）
2026-10-05 09:58:45 [INFO] D16 判据“稳定优于 B3/B4”：主口径 3 种子 WAPE 变体*={20251004: 0.340649, 20251005: 0.339783, 20251006: 0.340127} vs B3={20251004: 0.456135, 20251005: 0.456011, 20251006: 0.455982} vs B4={20251004: 0.410056, 20251005: 0.409788, 20251006: 0.409641}
2026-10-05 09:58:45 [INFO] D16 判据（行序口径）：变体*=0.335708 vs B3=0.450858 vs B4=0.403137；逐项={'主口径_逐种子': True, '主口径_均值': True, '行序口径': True, '综合': True} → 综合=成立
2026-10-05 09:58:45 [INFO] 定稿轮数：主种子 5 折 best_iter=[72, 76, 67, 68, 69] → 均值=70.4 ×1.1 → 77（上限 2000，A5 §3.4）
2026-10-05 09:58:45 [INFO] φ_final（变体 A，主种子 5 折池化 OOF 残差按行ID 对齐，A5 §3.3）=1.182165（折级 φ 参考=[1.184762, 1.186087, 1.180163, 1.182292, 1.180384]）
2026-10-05 09:58:45 [INFO] 输出 q2_定稿配置.json：变体*=A，cfg*={'num_leaves': 63, 'min_child_samples': 50, 'feature_fraction': 0.9, 'bagging_fraction': 0.7, 'reg_lambda': 0.1, 'reg_alpha': 0.1}，定稿轮数=77，φ_final=1.182165
2026-10-05 09:58:45 [INFO] === a6_03 完成，耗时 243.0 秒 ===
