2026-10-05 17:59:27 [INFO] === a6_01_q1_规则标注 开始（A5 §2 契约；Q1 网格+PAVA+字典序择优+V1–V8） ===
2026-10-05 17:59:27 [INFO] 环境：python=3.13.14 numpy=2.5.3 pandas=3.0.5 sklearn=1.9.1 scipy=1.18.1 lightgbm=4.7.0 xgboost=3.4.1
2026-10-05 17:59:27 [INFO] 种子登记（A5 §6）：主种子=20251004，重复种子=[20251004, 20251005, 20251006]，bootstrap B=1000 水平 0.95（约定项）
2026-10-05 17:59:27 [INFO] 输入文件 md5：附件1_clean.csv = d5842f8bec9b35de36732ed47b6c75d1（大小 6005690 字节）
2026-10-05 17:59:27 [INFO] 输入文件 md5：附件2_clean.csv = 0846d4b032f27d6471c3bc108fdcaf29（大小 1129609 字节）
2026-10-05 17:59:27 [INFO] 附件1_clean 载入：11167×52；e=−索赔差额 恒正校验通过（min=0.08, max=4463.58）
2026-10-05 17:59:27 [INFO] D21 断言：附件2_clean 含 索赔金额_log10 列（列数=47）
2026-10-05 17:59:27 [INFO] 规则输入（C3/D20）：x=实际赔付金额，e=−索赔差额；e min=0.08 max=4463.58 mean=514.66（T3）
2026-10-05 17:59:27 [INFO] 网格：B∈[5, 10, 15, 20] × τ1∈[0.85, 0.86, 0.87, 0.88, 0.89, 0.9] × τ2∈[0.97, 0.975, 0.98, 0.985, 0.99, 0.995]，τ2>τ1；组合总数=144
2026-10-05 17:59:28 [INFO] 网格评估完成：可用组合 144 个（边界重合组合已剔除，T1 下预期为 0）
2026-10-05 17:59:28 [INFO] L0 硬筛选（V1 带 ∧ V2 违例=0 ∧ V5(a) 序 ∧ V8 计数带）：通过 76 个
2026-10-05 17:59:28 [INFO] L1 先验邻域（D_prior=|s_合−0.85|+|s_严−0.03|+|s_偏−0.12| ≤ 0.03）：通过 9 个
2026-10-05 17:59:28 [INFO] L2 密度（D_geo 最大=52.836368）：进入 1 个
2026-10-05 17:59:28 [INFO] L3 紧凑（R_合+R_偏 最小=1.525882）：进入 1 个
2026-10-05 17:59:28 [INFO] L4 稳健：仅 1 个 finalist（B=5 τ1=0.860 τ2=0.980），bootstrap 留待 V6 自检
2026-10-05 17:59:28 [INFO] L5 兜底字典序 → 定稿 θ*：B=5, τ1=0.860, τ2=0.980（D_prior=0.0197, D_geo=52.8364, R_合+R_偏=1.5259）
2026-10-05 17:59:28 [INFO] 输出 q1_择优日志.csv：144 行（全部组合 L0–L5 各层取值）
2026-10-05 17:59:28 [INFO] θ* 全量标注：n_合=9602(0.8599) n_偏=1340(0.1200) n_严=225(0.0201)
2026-10-05 17:59:28 [INFO] 输出 附件1_风险标注.csv：11167 行，标签取值域=['严重超额', '合理诉求', '诉求偏高']，空值=0
2026-10-05 17:59:28 [INFO] 输出 q1_边界表.csv：5 箱（等频边界 + PAVA 后 g1/g2）
2026-10-05 17:59:30 [INFO] V6 bootstrap（B=1000，种子 20251004）：翻转率中位=0.010298；g1 相对CI宽中位=0.2071；g2 相对CI宽中位=0.4803
2026-10-05 17:59:30 [INFO] V6 bootstrap 内部 s_c 极差：合=0.0010 偏=0.0018 严=0.0010
2026-10-05 17:59:30 [INFO] V6③ 3种子×5折 s_c 极差：合=0.0051 偏=0.0049 严=0.0025（最大=0.0051，门槛<=0.01）
2026-10-05 17:59:30 [WARNING] V6 子项超限已上报（V6②翻转率）；按停步上报条款记录 output/logs/a6_阻断上报.md，主链路继续
2026-10-05 17:59:30 [INFO] 输出 q1_自检表.csv（V1–V8 判定：V1:PASS, V2:PASS, V3:PASS, V4:PASS, V5:PASS, V6:FAIL, V7:PASS, V8:PASS）
2026-10-05 17:59:30 [INFO] 输出 q1_边界_bootstrapCI.csv：10 行（V6① 素材）
2026-10-05 17:59:30 [INFO] 可选模块·对偶报告：相对口径 r 的全表 P50=0.6255、τ1 分位=0.8408、τ2 分位=0.9461（只报告不产标签，D11-①）
2026-10-05 17:59:30 [INFO] 可选模块·M1-5 平滑对照（τ=0.860）：平滑曲线与阶梯的平均绝对差=266.89 元（阶梯中位=2127.45 元）
2026-10-05 17:59:30 [INFO] 可选模块·M1-5 平滑对照（τ=0.980）：平滑曲线与阶梯的平均绝对差=596.97 元（阶梯中位=3437.54 元）
2026-10-05 17:59:30 [INFO] 可选模块·M1-4 GMM(k=2)：中位赔付 x=200.2 处 高e分量占优的 e 谷点≈125.6 元；阶梯 g1=800.5、g2=1718.6（仅作 C6 密度差证据，不产标签，A2-20）
2026-10-05 17:59:31 [INFO] 可选模块·M1-4 GMM(k=3)：中位赔付 x=200.2 处 高e分量占优的 e 谷点≈158.1 元；阶梯 g1=800.5、g2=1718.6（仅作 C6 密度差证据，不产标签，A2-20）
2026-10-05 17:59:31 [INFO] 输出 q1_定稿配置.json：冻结边界 B=5 τ1=0.860 τ2=0.980
2026-10-05 17:59:31 [INFO] === a6_01 完成，耗时 3.8 秒 ===
