2026-10-05 09:34:38 [INFO] === a6_02_q2搜索 开始（A5 §3.4：双变体随机搜索 24 组×3 折） ===
2026-10-05 09:34:39 [INFO] 环境：python=3.13.14 numpy=2.5.3 pandas=3.0.5 sklearn=1.9.1 scipy=1.18.1 lightgbm=4.7.0 xgboost=3.4.1
2026-10-05 09:34:39 [INFO] 种子登记（A5 §6）：主种子=20251004，重复种子=[20251004, 20251005, 20251006]，bootstrap B=1000 水平 0.95（约定项）
2026-10-05 09:34:39 [INFO] 输入文件 md5：附件1_clean.csv = d5842f8bec9b35de36732ed47b6c75d1（大小 6005690 字节）
2026-10-05 09:34:39 [INFO] 输入文件 md5：附件2_clean.csv = 0846d4b032f27d6471c3bc108fdcaf29（大小 1129609 字节）
2026-10-05 09:34:39 [INFO] 附件1_clean 载入（D22，utf-8-sig）：11167×52；索赔差额恒负校验通过（min=-4463.58）
2026-10-05 09:34:39 [INFO] 附件2_clean 载入（D22，utf-8-sig）：(2792, 47)；运单号唯一、索赔金额_log10 在位（D21）
2026-10-05 09:34:39 [INFO] 特征矩阵：11167 行 × 37 列（允许清单 37 列，其中类别 10 列）；log10 目标十分位分层完成
2026-10-05 09:34:39 [INFO] 目标：实际赔付金额 y（中位=200.2，P5=21.77，max=3171.47，T1）；变体 A 目标 z=log10(y)∈[-0.131, 3.501]
2026-10-05 09:34:39 [INFO] 选优折：3 折分层（按 log10(y) 十分位），种子=20251004；各折验证规模=[3723, 3722, 3722]
2026-10-05 09:34:39 [INFO] 随机搜索配置抽样（无放回）：变体 A 空间 96 组合抽 24 组；变体 B 空间 192 组合抽 24 组（种子=20251004）
2026-10-05 09:34:39 [INFO] ---- 变体 A 搜索开始（24 组 × 3 折；A 含折内 4 折 φ） ----
2026-10-05 09:34:42 [INFO] 变体A 组01/24 {'num_leaves': 15, 'min_child_samples': 20, 'feature_fraction': 0.7, 'bagging_fraction': 0.7, 'reg_lambda': 0.1, 'reg_alpha': 0.1} → OOF WAPE 均值=0.342793（折值 [0.34581, 0.342078, 0.340489]），MAE=100.1801，best_iter均=119
2026-10-05 09:34:46 [INFO] 变体A 组02/24 {'num_leaves': 15, 'min_child_samples': 20, 'feature_fraction': 0.7, 'bagging_fraction': 0.9, 'reg_lambda': 1.0, 'reg_alpha': 0.0} → OOF WAPE 均值=0.342868（折值 [0.343174, 0.341966, 0.343462]），MAE=100.1999，best_iter均=134
2026-10-05 09:34:49 [INFO] 变体A 组03/24 {'num_leaves': 15, 'min_child_samples': 20, 'feature_fraction': 0.7, 'bagging_fraction': 0.9, 'reg_lambda': 1.0, 'reg_alpha': 0.1} → OOF WAPE 均值=0.342934（折值 [0.342562, 0.341968, 0.344274]），MAE=100.2189，best_iter均=117
2026-10-05 09:34:52 [INFO] 变体A 组04/24 {'num_leaves': 15, 'min_child_samples': 50, 'feature_fraction': 0.7, 'bagging_fraction': 0.7, 'reg_lambda': 0.1, 'reg_alpha': 0.1} → OOF WAPE 均值=0.342963（折值 [0.346174, 0.341721, 0.340994]），MAE=100.2300，best_iter均=112
2026-10-05 09:34:55 [INFO] 变体A 组05/24 {'num_leaves': 15, 'min_child_samples': 50, 'feature_fraction': 0.9, 'bagging_fraction': 0.7, 'reg_lambda': 0.1, 'reg_alpha': 0.1} → OOF WAPE 均值=0.343397（折值 [0.344522, 0.341607, 0.344063]），MAE=100.3550，best_iter均=107
2026-10-05 09:34:59 [INFO] 变体A 组06/24 {'num_leaves': 15, 'min_child_samples': 50, 'feature_fraction': 0.9, 'bagging_fraction': 0.9, 'reg_lambda': 0.1, 'reg_alpha': 0.0} → OOF WAPE 均值=0.343047（折值 [0.343039, 0.341396, 0.344707]），MAE=100.2520，best_iter均=126
2026-10-05 09:35:02 [INFO] 变体A 组07/24 {'num_leaves': 15, 'min_child_samples': 50, 'feature_fraction': 0.9, 'bagging_fraction': 0.9, 'reg_lambda': 1.0, 'reg_alpha': 0.1} → OOF WAPE 均值=0.343568（折值 [0.342268, 0.341861, 0.346576]），MAE=100.4032，best_iter均=115
2026-10-05 09:35:07 [INFO] 变体A 组08/24 {'num_leaves': 31, 'min_child_samples': 20, 'feature_fraction': 0.7, 'bagging_fraction': 0.7, 'reg_lambda': 0.1, 'reg_alpha': 0.1} → OOF WAPE 均值=0.340594（折值 [0.341504, 0.344473, 0.335806]），MAE=99.5375，best_iter均=85
2026-10-05 09:35:11 [INFO] 变体A 组09/24 {'num_leaves': 31, 'min_child_samples': 20, 'feature_fraction': 0.7, 'bagging_fraction': 0.7, 'reg_lambda': 1.0, 'reg_alpha': 0.0} → OOF WAPE 均值=0.342010（折值 [0.343251, 0.344519, 0.338259]），MAE=99.9509，best_iter均=98
2026-10-05 09:35:15 [INFO] 变体A 组10/24 {'num_leaves': 31, 'min_child_samples': 20, 'feature_fraction': 0.7, 'bagging_fraction': 0.9, 'reg_lambda': 0.1, 'reg_alpha': 0.0} → OOF WAPE 均值=0.341126（折值 [0.343358, 0.342963, 0.337057]），MAE=99.6933，best_iter均=98
2026-10-05 09:35:20 [INFO] 变体A 组11/24 {'num_leaves': 31, 'min_child_samples': 20, 'feature_fraction': 0.7, 'bagging_fraction': 0.9, 'reg_lambda': 1.0, 'reg_alpha': 0.0} → OOF WAPE 均值=0.342062（折值 [0.342491, 0.342501, 0.341194]），MAE=99.9650，best_iter均=104
2026-10-05 09:35:24 [INFO] 变体A 组12/24 {'num_leaves': 31, 'min_child_samples': 20, 'feature_fraction': 0.9, 'bagging_fraction': 0.7, 'reg_lambda': 1.0, 'reg_alpha': 0.0} → OOF WAPE 均值=0.341729（折值 [0.342468, 0.34257, 0.34015]），MAE=99.8682，best_iter均=81
2026-10-05 09:35:29 [INFO] 变体A 组13/24 {'num_leaves': 31, 'min_child_samples': 20, 'feature_fraction': 0.9, 'bagging_fraction': 0.9, 'reg_lambda': 0.1, 'reg_alpha': 0.0} → OOF WAPE 均值=0.342532（折值 [0.342234, 0.342472, 0.342891]），MAE=100.1018，best_iter均=94
2026-10-05 09:35:33 [INFO] 变体A 组14/24 {'num_leaves': 31, 'min_child_samples': 50, 'feature_fraction': 0.7, 'bagging_fraction': 0.9, 'reg_lambda': 0.1, 'reg_alpha': 0.0} → OOF WAPE 均值=0.341491（折值 [0.342346, 0.344415, 0.337711]），MAE=99.7991，best_iter均=101
2026-10-05 09:35:39 [INFO] 变体A 组15/24 {'num_leaves': 63, 'min_child_samples': 20, 'feature_fraction': 0.7, 'bagging_fraction': 0.7, 'reg_lambda': 0.1, 'reg_alpha': 0.0} → OOF WAPE 均值=0.340533（折值 [0.339825, 0.342219, 0.339555]），MAE=99.5177，best_iter均=73
2026-10-05 09:35:45 [INFO] 变体A 组16/24 {'num_leaves': 63, 'min_child_samples': 20, 'feature_fraction': 0.7, 'bagging_fraction': 0.7, 'reg_lambda': 1.0, 'reg_alpha': 0.0} → OOF WAPE 均值=0.339290（折值 [0.34185, 0.33933, 0.336691]），MAE=99.1565，best_iter均=69
2026-10-05 09:35:52 [INFO] 变体A 组17/24 {'num_leaves': 63, 'min_child_samples': 20, 'feature_fraction': 0.7, 'bagging_fraction': 0.9, 'reg_lambda': 1.0, 'reg_alpha': 0.1} → OOF WAPE 均值=0.342192（折值 [0.345324, 0.344152, 0.337101]），MAE=100.0056，best_iter均=95
2026-10-05 09:35:59 [INFO] 变体A 组18/24 {'num_leaves': 63, 'min_child_samples': 20, 'feature_fraction': 0.9, 'bagging_fraction': 0.7, 'reg_lambda': 1.0, 'reg_alpha': 0.0} → OOF WAPE 均值=0.342028（折值 [0.345228, 0.343443, 0.337414]），MAE=99.9575，best_iter均=80
2026-10-05 09:36:06 [INFO] 变体A 组19/24 {'num_leaves': 63, 'min_child_samples': 20, 'feature_fraction': 0.9, 'bagging_fraction': 0.7, 'reg_lambda': 1.0, 'reg_alpha': 0.1} → OOF WAPE 均值=0.340796（折值 [0.344547, 0.341046, 0.336795]），MAE=99.5975，best_iter均=71
2026-10-05 09:36:12 [INFO] 变体A 组20/24 {'num_leaves': 63, 'min_child_samples': 20, 'feature_fraction': 0.9, 'bagging_fraction': 0.9, 'reg_lambda': 0.1, 'reg_alpha': 0.0} → OOF WAPE 均值=0.342164（折值 [0.345343, 0.343615, 0.337534]），MAE=99.9973，best_iter均=87
2026-10-05 09:36:18 [INFO] 变体A 组21/24 {'num_leaves': 63, 'min_child_samples': 50, 'feature_fraction': 0.7, 'bagging_fraction': 0.7, 'reg_lambda': 0.1, 'reg_alpha': 0.0} → OOF WAPE 均值=0.339527（折值 [0.341552, 0.338846, 0.338183]），MAE=99.2250，best_iter均=69
2026-10-05 09:36:24 [INFO] 变体A 组22/24 {'num_leaves': 63, 'min_child_samples': 50, 'feature_fraction': 0.7, 'bagging_fraction': 0.9, 'reg_lambda': 1.0, 'reg_alpha': 0.1} → OOF WAPE 均值=0.341293（折值 [0.343077, 0.341958, 0.338843]），MAE=99.7413，best_iter均=80
2026-10-05 09:36:30 [INFO] 变体A 组23/24 {'num_leaves': 63, 'min_child_samples': 50, 'feature_fraction': 0.9, 'bagging_fraction': 0.7, 'reg_lambda': 0.1, 'reg_alpha': 0.1} → OOF WAPE 均值=0.338929（折值 [0.340375, 0.341154, 0.335257]），MAE=99.0507，best_iter均=63
2026-10-05 09:36:36 [INFO] 变体A 组24/24 {'num_leaves': 63, 'min_child_samples': 50, 'feature_fraction': 0.9, 'bagging_fraction': 0.9, 'reg_lambda': 0.1, 'reg_alpha': 0.0} → OOF WAPE 均值=0.339551（折值 [0.341632, 0.33845, 0.338569]），MAE=99.2319，best_iter均=66
2026-10-05 09:36:36 [INFO] 变体 A 选优完成：cfg*={'num_leaves': 63, 'min_child_samples': 50, 'feature_fraction': 0.9, 'bagging_fraction': 0.7, 'reg_lambda': 0.1, 'reg_alpha': 0.1}，OOF WAPE 均值=0.338929（3 折，种子=20251004）
2026-10-05 09:36:36 [INFO] ---- 变体 B 搜索开始（24 组 × 3 折；A 含折内 4 折 φ） ----
2026-10-05 09:36:43 [INFO] 变体B 组01/24 {'num_leaves': 15, 'min_child_samples': 20, 'feature_fraction': 0.7, 'bagging_fraction': 0.7, 'reg_lambda': 0.1, 'reg_alpha': 0.1, 'alpha': 0.5} → OOF WAPE 均值=0.631565（折值 [0.6301, 0.633727, 0.630868]），MAE=184.5687，best_iter均=2000
2026-10-05 09:36:50 [INFO] 变体B 组02/24 {'num_leaves': 15, 'min_child_samples': 20, 'feature_fraction': 0.7, 'bagging_fraction': 0.9, 'reg_lambda': 1.0, 'reg_alpha': 0.0, 'alpha': 0.9} → OOF WAPE 均值=0.566675（折值 [0.566146, 0.568866, 0.565013]），MAE=165.6059，best_iter均=2000
2026-10-05 09:36:58 [INFO] 变体B 组03/24 {'num_leaves': 15, 'min_child_samples': 20, 'feature_fraction': 0.9, 'bagging_fraction': 0.7, 'reg_lambda': 0.1, 'reg_alpha': 0.0, 'alpha': 0.5} → OOF WAPE 均值=0.627739（折值 [0.625701, 0.630171, 0.627344]），MAE=183.4501，best_iter均=2000
2026-10-05 09:37:05 [INFO] 变体B 组04/24 {'num_leaves': 15, 'min_child_samples': 20, 'feature_fraction': 0.9, 'bagging_fraction': 0.7, 'reg_lambda': 1.0, 'reg_alpha': 0.0, 'alpha': 0.5} → OOF WAPE 均值=0.627899（折值 [0.625865, 0.630337, 0.627495]），MAE=183.4971，best_iter均=2000
2026-10-05 09:37:12 [INFO] 变体B 组05/24 {'num_leaves': 15, 'min_child_samples': 20, 'feature_fraction': 0.9, 'bagging_fraction': 0.7, 'reg_lambda': 1.0, 'reg_alpha': 0.0, 'alpha': 0.9} → OOF WAPE 均值=0.560720（折值 [0.559272, 0.563386, 0.559503]），MAE=163.8651，best_iter均=2000
2026-10-05 09:37:19 [INFO] 变体B 组06/24 {'num_leaves': 15, 'min_child_samples': 20, 'feature_fraction': 0.9, 'bagging_fraction': 0.9, 'reg_lambda': 1.0, 'reg_alpha': 0.0, 'alpha': 0.9} → OOF WAPE 均值=0.560653（折值 [0.559292, 0.563232, 0.559434]），MAE=163.8454，best_iter均=2000
2026-10-05 09:37:26 [INFO] 变体B 组07/24 {'num_leaves': 15, 'min_child_samples': 50, 'feature_fraction': 0.9, 'bagging_fraction': 0.7, 'reg_lambda': 0.1, 'reg_alpha': 0.1, 'alpha': 0.5} → OOF WAPE 均值=0.627784（折值 [0.6257, 0.630246, 0.627405]），MAE=183.4633，best_iter均=2000
2026-10-05 09:37:36 [INFO] 变体B 组08/24 {'num_leaves': 31, 'min_child_samples': 20, 'feature_fraction': 0.7, 'bagging_fraction': 0.7, 'reg_lambda': 0.1, 'reg_alpha': 0.0, 'alpha': 0.5} → OOF WAPE 均值=0.630089（折值 [0.628774, 0.632112, 0.62938]），MAE=184.1373，best_iter均=2000
2026-10-05 09:37:48 [INFO] 变体B 组09/24 {'num_leaves': 31, 'min_child_samples': 20, 'feature_fraction': 0.7, 'bagging_fraction': 0.9, 'reg_lambda': 0.1, 'reg_alpha': 0.1, 'alpha': 0.5} → OOF WAPE 均值=0.630124（折值 [0.628954, 0.632129, 0.629288]），MAE=184.1478，best_iter均=2000
2026-10-05 09:37:58 [INFO] 变体B 组10/24 {'num_leaves': 31, 'min_child_samples': 20, 'feature_fraction': 0.9, 'bagging_fraction': 0.7, 'reg_lambda': 1.0, 'reg_alpha': 0.0, 'alpha': 0.5} → OOF WAPE 均值=0.626911（折值 [0.625053, 0.629204, 0.626476]），MAE=183.2084，best_iter均=2000
2026-10-05 09:38:09 [INFO] 变体B 组11/24 {'num_leaves': 31, 'min_child_samples': 20, 'feature_fraction': 0.9, 'bagging_fraction': 0.9, 'reg_lambda': 1.0, 'reg_alpha': 0.0, 'alpha': 0.9} → OOF WAPE 均值=0.558745（折值 [0.557713, 0.560981, 0.55754]），MAE=163.2880，best_iter均=2000
2026-10-05 09:38:18 [INFO] 变体B 组12/24 {'num_leaves': 31, 'min_child_samples': 50, 'feature_fraction': 0.7, 'bagging_fraction': 0.7, 'reg_lambda': 1.0, 'reg_alpha': 0.0, 'alpha': 0.5} → OOF WAPE 均值=0.630758（折值 [0.628938, 0.633073, 0.630265]），MAE=184.3328，best_iter均=2000
2026-10-05 09:38:28 [INFO] 变体B 组13/24 {'num_leaves': 31, 'min_child_samples': 50, 'feature_fraction': 0.7, 'bagging_fraction': 0.7, 'reg_lambda': 1.0, 'reg_alpha': 0.1, 'alpha': 0.9} → OOF WAPE 均值=0.565096（折值 [0.563931, 0.5675, 0.563857]），MAE=165.1441，best_iter均=2000
2026-10-05 09:38:39 [INFO] 变体B 组14/24 {'num_leaves': 31, 'min_child_samples': 50, 'feature_fraction': 0.7, 'bagging_fraction': 0.9, 'reg_lambda': 0.1, 'reg_alpha': 0.1, 'alpha': 0.5} → OOF WAPE 均值=0.630610（折值 [0.62887, 0.632942, 0.630018]），MAE=184.2895，best_iter均=2000
2026-10-05 09:38:48 [INFO] 变体B 组15/24 {'num_leaves': 31, 'min_child_samples': 50, 'feature_fraction': 0.9, 'bagging_fraction': 0.7, 'reg_lambda': 0.1, 'reg_alpha': 0.0, 'alpha': 0.5} → OOF WAPE 均值=0.626545（折值 [0.624713, 0.628837, 0.626085]），MAE=183.1013，best_iter均=2000
2026-10-05 09:38:58 [INFO] 变体B 组16/24 {'num_leaves': 31, 'min_child_samples': 50, 'feature_fraction': 0.9, 'bagging_fraction': 0.7, 'reg_lambda': 0.1, 'reg_alpha': 0.0, 'alpha': 0.9} → OOF WAPE 均值=0.558267（折值 [0.557061, 0.560584, 0.557157]），MAE=163.1484，best_iter均=2000
2026-10-05 09:39:09 [INFO] 变体B 组17/24 {'num_leaves': 31, 'min_child_samples': 50, 'feature_fraction': 0.9, 'bagging_fraction': 0.9, 'reg_lambda': 0.1, 'reg_alpha': 0.0, 'alpha': 0.5} → OOF WAPE 均值=0.626529（折值 [0.624801, 0.628804, 0.625981]），MAE=183.0967，best_iter均=2000
2026-10-05 09:39:24 [INFO] 变体B 组18/24 {'num_leaves': 63, 'min_child_samples': 20, 'feature_fraction': 0.7, 'bagging_fraction': 0.7, 'reg_lambda': 0.1, 'reg_alpha': 0.0, 'alpha': 0.9} → OOF WAPE 均值=0.562969（折值 [0.562728, 0.564746, 0.561434]），MAE=164.5231，best_iter均=2000
2026-10-05 09:39:40 [INFO] 变体B 组19/24 {'num_leaves': 63, 'min_child_samples': 20, 'feature_fraction': 0.7, 'bagging_fraction': 0.9, 'reg_lambda': 1.0, 'reg_alpha': 0.1, 'alpha': 0.9} → OOF WAPE 均值=0.563249（折值 [0.563069, 0.564994, 0.561684]），MAE=164.6048，best_iter均=2000
2026-10-05 09:39:57 [INFO] 变体B 组20/24 {'num_leaves': 63, 'min_child_samples': 20, 'feature_fraction': 0.9, 'bagging_fraction': 0.9, 'reg_lambda': 0.1, 'reg_alpha': 0.0, 'alpha': 0.9} → OOF WAPE 均值=0.557783（折值 [0.556702, 0.559897, 0.556749]），MAE=163.0068，best_iter均=2000
2026-10-05 09:40:08 [INFO] 变体B 组21/24 {'num_leaves': 63, 'min_child_samples': 50, 'feature_fraction': 0.7, 'bagging_fraction': 0.7, 'reg_lambda': 1.0, 'reg_alpha': 0.1, 'alpha': 0.5} → OOF WAPE 均值=0.630446（折值 [0.628653, 0.632783, 0.629902]），MAE=184.2415，best_iter均=2000
2026-10-05 09:40:22 [INFO] 变体B 组22/24 {'num_leaves': 63, 'min_child_samples': 50, 'feature_fraction': 0.7, 'bagging_fraction': 0.9, 'reg_lambda': 1.0, 'reg_alpha': 0.0, 'alpha': 0.9} → OOF WAPE 均值=0.563919（折值 [0.562877, 0.56628, 0.562602]），MAE=164.8003，best_iter均=2000
2026-10-05 09:40:34 [INFO] 变体B 组23/24 {'num_leaves': 63, 'min_child_samples': 50, 'feature_fraction': 0.9, 'bagging_fraction': 0.7, 'reg_lambda': 0.1, 'reg_alpha': 0.1, 'alpha': 0.5} → OOF WAPE 均值=0.626281（折值 [0.624487, 0.628587, 0.62577]），MAE=183.0244，best_iter均=2000
2026-10-05 09:40:46 [INFO] 变体B 组24/24 {'num_leaves': 63, 'min_child_samples': 50, 'feature_fraction': 0.9, 'bagging_fraction': 0.7, 'reg_lambda': 0.1, 'reg_alpha': 0.1, 'alpha': 0.9} → OOF WAPE 均值=0.557568（折值 [0.556376, 0.559933, 0.556397]），MAE=162.9442，best_iter均=2000
2026-10-05 09:40:46 [INFO] 变体 B 选优完成：cfg*={'num_leaves': 63, 'min_child_samples': 50, 'feature_fraction': 0.9, 'bagging_fraction': 0.7, 'reg_lambda': 0.1, 'reg_alpha': 0.1, 'alpha': 0.9}，OOF WAPE 均值=0.557568（3 折，种子=20251004）
2026-10-05 09:40:46 [INFO] 输出 q2_搜索日志.csv：48 行（变体×24 组×3 折指标）
2026-10-05 09:40:46 [INFO] 输出 q2_搜索选优.json：cfg*_A={'num_leaves': 63, 'min_child_samples': 50, 'feature_fraction': 0.9, 'bagging_fraction': 0.7, 'reg_lambda': 0.1, 'reg_alpha': 0.1}（WAPE=0.338929）；cfg*_B={'num_leaves': 63, 'min_child_samples': 50, 'feature_fraction': 0.9, 'bagging_fraction': 0.7, 'reg_lambda': 0.1, 'reg_alpha': 0.1, 'alpha': 0.9}（WAPE=0.557568）
2026-10-05 09:40:46 [INFO] === a6_02 完成，耗时 368.3 秒 ===
