2026-10-05 11:09:52,852 [INFO] === a7_01_q1翻转带敏感性 开始（D23 指定：θ*=(5,0.86,0.98) 翻转带敏感性） ===
2026-10-05 11:09:52,852 [INFO] 环境：numpy=2.5.3 pandas=3.0.5；bootstrap 每格 1000 次，种子 20251004
2026-10-05 11:09:52,906 [INFO] 读入 附件1_clean（utf-8-sig）：11167 行；e=−索赔差额 min=0.08 max=4463.58
2026-10-05 11:09:52,925 [INFO] θ* 冻结复算（溯源校验）：n_合=9602 n_偏=1340 n_严=225（应=9602/1340/225，q1_定稿配置.json）
2026-10-05 11:09:54,756 [INFO] 复核 a6_01 V6②：θ* bootstrap 翻转率中位=0.010298（a6_01 日志行21=0.010298）
2026-10-05 11:09:56,830 [INFO] 重放完成：有效 1000/1000 次；全量口径平均翻转频率=0.010405；in-bag 口径池化翻转率=0.010403（a6_01 中位=0.010298）
2026-10-05 11:10:00,449 [INFO] 格 τ邻域 B=5 τ=(0.850,0.975)：flip_own中位=0.010835  flip_vsθ*中位=0.017731  确定性重标差异=0.014776
2026-10-05 11:10:04,068 [INFO] 格 τ邻域 B=5 τ=(0.850,0.980)：flip_own中位=0.010567  flip_vsθ*中位=0.014865  确定性重标差异=0.009850
2026-10-05 11:10:07,691 [INFO] 格 τ邻域 B=5 τ=(0.850,0.985)：flip_own中位=0.010119  flip_vsθ*中位=0.017373  确定性重标差异=0.014776
2026-10-05 11:10:11,357 [INFO] 格 τ邻域 B=5 τ=(0.860,0.975)：flip_own中位=0.010656  flip_vsθ*中位=0.013164  确定性重标差异=0.004925
2026-10-05 11:10:15,005 [INFO] 格 τ邻域 B=5 τ=(0.860,0.980)：flip_own中位=0.010298  flip_vsθ*中位=0.010298  确定性重标差异=0.000000
2026-10-05 11:10:18,651 [INFO] 格 τ邻域 B=5 τ=(0.860,0.985)：flip_own中位=0.009761  flip_vsθ*中位=0.012537  确定性重标差异=0.004925
2026-10-05 11:10:22,298 [INFO] 格 τ邻域 B=5 τ=(0.870,0.975)：flip_own中位=0.010298  flip_vsθ*中位=0.017462  确定性重标差异=0.014776
2026-10-05 11:10:25,982 [INFO] 格 τ邻域 B=5 τ=(0.870,0.980)：flip_own中位=0.009940  flip_vsθ*中位=0.014507  确定性重标差异=0.009850
2026-10-05 11:10:29,657 [INFO] 格 τ邻域 B=5 τ=(0.870,0.985)：flip_own中位=0.009492  flip_vsθ*中位=0.016746  确定性重标差异=0.014776
2026-10-05 11:10:34,294 [INFO] 格 B邻域 B=10 τ=(0.860,0.980)：flip_own中位=0.013701  flip_vsθ*中位=0.049073  确定性重标差异=0.046924
2026-10-05 11:10:39,545 [INFO] 格 B邻域 B=15 τ=(0.860,0.980)：flip_own中位=0.015761  flip_vsθ*中位=0.050864  确定性重标差异=0.048267
2026-10-05 11:10:45,439 [INFO] 格 B邻域 B=20 τ=(0.860,0.980)：flip_own中位=0.016925  flip_vsθ*中位=0.051760  确定性重标差异=0.051222
2026-10-05 11:10:45,446 [INFO] 输出 a7_翻转带敏感性.csv（12 格）、a7_翻转带画像.csv（20 行）、a7_翻转带画像_边界CI.csv（10 行）+ sensitivity_a7 镜像
2026-10-05 11:10:45,446 [INFO] === a7_01 完成，耗时 53.5 秒 ===
