2026-10-05 12:14:21 [INFO] === a7_04_q3误差传导 开始（方式1 边界带翻转机制 + δ 敏感性 + 混淆方向几何） ===
2026-10-05 12:14:21 [INFO] 环境：numpy=2.5.3 pandas=3.0.5 sklearn=1.9.1
2026-10-05 12:14:22 [INFO] 附件1_clean 载入（D22，utf-8-sig）：11167×52；索赔差额恒负校验通过（min=-4463.58）
2026-10-05 12:14:22 [INFO] 载入完成：n=11167，X(11167, 37)；Q1 冻结 edges=[72.0, 148.46, 268.61, 475.4]
2026-10-05 12:14:24 [INFO] 方式1 折1：宏F1=0.6230
2026-10-05 12:14:26 [INFO] 方式1 折2：宏F1=0.6416
2026-10-05 12:14:28 [INFO] 方式1 折3：宏F1=0.6068
2026-10-05 12:14:30 [INFO] 方式1 折4：宏F1=0.6098
2026-10-05 12:14:32 [INFO] 方式1 折5：宏F1=0.6901
2026-10-05 12:14:32 [INFO] 方式1 池化重建：宏F1=0.6362226662（q3_两路线对比 0.6362226662）；边界带(δ=0.1)行数=248（q3_两路线对比 248）
2026-10-05 12:14:32 [INFO] 复核门A Ltilde=L（判定一致）：n=10336(参考10336) |ŷ−y|P50=60.565823(参考60.565823) 带占比=0.013641641(参考0.013641641) → 一致
2026-10-05 12:14:32 [INFO] 复核门A Ltilde!=L（判定翻转）：n=831(参考831) |ŷ−y|P50=183.623746(参考183.623746) 带占比=0.128760529(参考0.128760529) → 一致
2026-10-05 12:14:32 [INFO] 复核门 A 通过：方式1 逐行重建与 q3_方式1误差联合.csv/q3_两路线对比.csv 完全一致。
2026-10-05 12:14:45 [INFO] 方式2 折1：γ*=1.0，s*=(0.50,0.50)（a6_05 日志参考 γ=1.0，s*=(0.50,0.50)）→ 一致
2026-10-05 12:15:00 [INFO] 方式2 折2：γ*=1.0，s*=(0.70,1.00)（a6_05 日志参考 γ=1.0，s*=(0.70,1.00)）→ 一致
2026-10-05 12:15:15 [INFO] 方式2 折3：γ*=1.0，s*=(0.50,1.00)（a6_05 日志参考 γ=1.0，s*=(0.50,1.00)）→ 一致
2026-10-05 12:15:29 [INFO] 方式2 折4：γ*=0.5，s*=(1.00,1.50)（a6_05 日志参考 γ=0.5，s*=(1.00,1.50)）→ 一致
2026-10-05 12:15:43 [INFO] 方式2 折5：γ*=1.0，s*=(0.50,0.50)（a6_05 日志参考 γ=1.0，s*=(0.50,0.50)）→ 一致
2026-10-05 12:15:45 [INFO] 方式2 池化重建：宏F1=0.6703649106（参考 0.6703649106）；混淆矩阵逐格一致=True
2026-10-05 12:15:45 [INFO] 复核门 B 通过：方式2 逐行重建与 q3_混淆矩阵.csv/q3_指标汇总.csv 完全一致。
2026-10-05 12:15:45 [INFO] 总体错误率：P(L̃≠y)=0.0744；P(L̂≠y)=0.0758
2026-10-05 12:15:45 [INFO] 输出 a7_q3误差传导.csv（17 行）+ 镜像
2026-10-05 12:15:45 [INFO] === a7_04 完成，耗时 83.2 秒 ===
