2026-10-05 12:12:04,357 [INFO] 字体核验：SimHei 可用=True
2026-10-05 12:12:04,357 [INFO] 字体核验：Microsoft YaHei 可用=True
2026-10-05 12:12:04,357 [INFO] rcParams.font.sans-serif=['SimHei', 'Microsoft YaHei']
2026-10-05 12:12:04,357 [INFO] rcParams.axes.unicode_minus=False, savefig.dpi=300.0
2026-10-05 12:12:04,659 [INFO] θ*=(5,0.86,0.98) flip_own 中位=0.010298，与 a6_01 V6② 及 a7_01 日志一致
2026-10-05 12:12:04,661 [INFO] (a) τ邻域 flip_own 中位范围：0.949%–1.084%（9 格），θ*=1.0298%
2026-10-05 12:12:04,661 [INFO] (a) τ邻域矩阵（行=τ1, 列=τ2）：
[[1.084 1.057 1.012]
 [1.066 1.03  0.976]
 [1.03  0.994 0.949]]
2026-10-05 12:12:04,662 [INFO] (b) B 邻域：flip_own 中位=[1.03  1.37  1.576 1.692]；flip_vsθ* 中位=[1.03  4.907 5.086 5.176]；确定性重标差异=[0.    4.692 4.827 5.122]
2026-10-05 12:12:04,665 [INFO] (c) 距离带行数=[58, 40, 65, 252, 428, 851, 2495, 6978]（和=11167）；行均翻转频率 %=0    43.45
1    38.22
2    29.34
3    12.18
4     2.15
5     0.90
6     0.36
7     0.00
Name: 行均翻转频率_全量口径, dtype: float64
2026-10-05 12:12:04,665 [INFO] (c) 风险集：任一次翻转=927 行（8.30%），高频翻转（≥5%）=471 行（4.22%）贡献翻转质量 94.7%
2026-10-05 12:12:05,171 [INFO] 图已落盘：C:\Users\21732\Desktop\2025b论文\agent_workspace_B2\output\figures\fig8_翻转带敏感性.png
2026-10-05 12:12:05,172 [INFO] 完成：a8_08_fig8_翻转带敏感性
