=== qa_programmatic start ===
[PASS] Q-01 提交文件形状 = 模板形状(2792,3) (2792, 3)
[PASS] Q-02 提交运单号与模板逐行一致 
[PASS] Q-03 提交运单号与附件2运单号逐行一致（独立重导） 
[PASS] Q-04 无空单元格 
[PASS] Q-05 风险标注取值合法（三类） {'诉求偏高', '合理诉求', '严重超额'}
[PASS] Q-06 预测赔付非负 min=0.0
[PASS] Q-07 赔付不超过索赔金额（业务合理性） 
[PASS] Q-08 附件2 严重超额占比 < 3%（题面软约束） 1.40%
[PASS] Q-09 附件2 合理诉求占比 ≥ 85%（题面软约束） 89.58%
[PASS] Q-10 冻结规则从原始 Excel 独立复算与流水线标签一致 不一致数=0
[PASS] Q-11 附件1 合理占比 ≥85% 85.97%
[PASS] Q-12 附件1 严重占比 <3% 2.07%
[PASS] Q-13 边界单调（β1,β2>0 且 T2>T1 于样本域） 
[PASS] Q-14 附件1 无 实际赔付>索赔（H1） u>0 占比=100.0%
[PASS] Q-15 论文含关键数字 11,167（附件1有效行数） 
[PASS] Q-15 论文含关键数字 2,792（附件2有效行数） 
[PASS] Q-15 论文含关键数字 85.97%（附件1合理占比） 
[PASS] Q-15 论文含关键数字 2.07%（附件1严重占比） 
[PASS] Q-15 论文含关键数字 95.60（Q2 OOF MAE） 
[PASS] Q-15 论文含关键数字 0.6350（Q3 路线A 宏F1） 
[PASS] Q-15 论文含关键数字 89.58%（提交合理占比） 
[PASS] Q-15 论文含关键数字 264.87（T1 截距） 
[PASS] Q-15 论文含关键数字 3.269（T2 斜率） 
[PASS] Q-16 日志含 Q2 MAE=95.60 
[PASS] Q-17 日志含 Q3 路线A 宏F1=0.6350 
[PASS] Q-18 日志含路线B 宏F1=0.5586 
[PASS] Q-19 docx 可打开且含 8 张图 图片数=8
[PASS] Q-20 docx 含摘要关键词与三问章节 
[PASS] Q-21 摘要.md 存在且含关键词 
[PASS] Q-22 规则参数可复现（α1,β1 误差<0.5） 复算=(264.87,2.482) 冻结=(264.87,2.482)
[PASS] Q-23 规则参数可复现（α2,β2 误差<0.5） 复算=(850.93,3.269) 冻结=(850.93,3.269)
[PASS] Q-24 禁止路径未作为本流水线数据源（未引用） 全流水线仅读写 agent_workspace_B1 与其 data/ 副本（人工审计代码 01-13 的路径常量）
[PASS] Q-25 论文/文档无外部解答引用 参考文献 5 条均为一般性方法或赛题参考材料

=== 汇总：33 项检查，FAIL 0 项 ===